2023/10/25 16:27:19 [error] 2667056#0: *12484443 directory index of "/www/wwwroot/fb.zone/public/storage/abstract/themes/" is forbidden, client: 172.71.131.148, server: fb.zone, request: "GET /storage/abstract/themes/ HTTP/2.0", host: "fb.zone"
2023/10/25 16:27:19 [error] 2667056#0: *12486523 directory index of "/www/wwwroot/fb.zone/public/storage/abstract/" is forbidden, client: 172.71.130.142, server: fb.zone, request: "GET /storage/abstract/ HTTP/2.0", host: "fb.zone"
2023/10/25 16:27:19 [error] 2667056#0: *12487401 directory index of "/www/wwwroot/fb.zone/public/storage/" is forbidden, client: 172.71.131.162, server: fb.zone, request: "GET /storage/ HTTP/2.0", host: "fb.zone"
2023/10/25 16:27:21 [error] 2667056#0: *12486859 directory index of "/www/wwwroot/fb.zone/public/storage/travel/themes/" is forbidden, client: 172.71.130.62, server: fb.zone, request: "GET /storage/travel/themes/ HTTP/2.0", host: "fb.zone"
2023/10/25 16:27:21 [error] 2667056#0: *12486820 directory index of "/www/wwwroot/fb.zone/public/storage/travel/" is forbidden, client: 172.71.131.95, server: fb.zone, request: "GET /storage/travel/ HTTP/2.0", host: "fb.zone"
2023/10/25 16:27:21 [error] 2667056#0: *12486415 directory index of "/www/wwwroot/fb.zone/public/storage/" is forbidden, client: 172.71.131.161, server: fb.zone, request: "GET /storage/ HTTP/2.0", host: "fb.zone"
2023/10/25 16:27:21 [error] 2667056#0: *12487401 directory index of "/www/wwwroot/fb.zone/public/storage/" is forbidden, client: 172.71.131.162, server: fb.zone, request: "GET /storage/ HTTP/2.0", host: "fb.zone"
2023/10/25 16:27:21 [error] 2667056#0: *12486472 directory index of "/www/wwwroot/fb.zone/public/images/en/howto/" is forbidden, client: 172.71.130.66, server: fb.zone, request: "GET /images/en/howto/ HTTP/2.0", host: "fb.zone"
2023/10/25 16:27:22 [error] 2667056#0: *12484805 directory index of "/www/wwwroot/fb.zone/public/images/en/" is forbidden, client: 172.71.131.77, server: fb.zone, request: "GET /images/en/ HTTP/2.0", host: "fb.zone"
2023/10/25 16:27:22 [error] 2667056#0: *12487632 directory index of "/www/wwwroot/fb.zone/public/images/" is forbidden, client: 172.71.130.135, server: fb.zone, request: "GET /images/ HTTP/2.0", host: "fb.zone"
2023/10/25 16:27:24 [error] 2667056#0: *12486859 directory index of "/www/wwwroot/fb.zone/public/storage/travel/themes/" is forbidden, client: 172.71.130.62, server: fb.zone, request: "GET /storage/travel/themes/ HTTP/2.0", host: "fb.zone"
2023/10/25 16:27:24 [error] 2667056#0: *12486820 directory index of "/www/wwwroot/fb.zone/public/storage/travel/" is forbidden, client: 172.71.131.95, server: fb.zone, request: "GET /storage/travel/ HTTP/2.0", host: "fb.zone"
2023/10/25 16:27:25 [error] 2667056#0: *12486415 directory index of "/www/wwwroot/fb.zone/public/storage/" is forbidden, client: 172.71.131.161, server: fb.zone, request: "GET /storage/ HTTP/2.0", host: "fb.zone"
2023/10/25 16:27:25 [error] 2667056#0: *12486472 directory index of "/www/wwwroot/fb.zone/public/images/en/howto/" is forbidden, client: 172.71.130.66, server: fb.zone, request: "GET /images/en/howto/ HTTP/2.0", host: "fb.zone"
2023/10/25 16:27:25 [error] 2667056#0: *12484805 directory index of "/www/wwwroot/fb.zone/public/images/en/" is forbidden, client: 172.71.131.77, server: fb.zone, request: "GET /images/en/ HTTP/2.0", host: "fb.zone"
2023/10/25 16:27:25 [error] 2667056#0: *12487632 directory index of "/www/wwwroot/fb.zone/public/images/" is forbidden, client: 172.71.130.135, server: fb.zone, request: "GET /images/ HTTP/2.0", host: "fb.zone"
2023/10/25 16:27:28 [error] 2667056#0: *12488035 directory index of "/www/wwwroot/fb.zone/public/storage/cars_and_motorcycles/themes/" is forbidden, client: 172.71.130.24, server: fb.zone, request: "GET /storage/cars_and_motorcycles/themes/ HTTP/2.0", host: "fb.zone"
2023/10/25 16:27:29 [error] 2667056#0: *12488040 directory index of "/www/wwwroot/fb.zone/public/storage/cars_and_motorcycles/" is forbidden, client: 172.71.130.184, server: fb.zone, request: "GET /storage/cars_and_motorcycles/ HTTP/2.0", host: "fb.zone"
2023/10/25 16:27:29 [error] 2667056#0: *12487401 directory index of "/www/wwwroot/fb.zone/public/storage/" is forbidden, client: 172.71.131.162, server: fb.zone, request: "GET /storage/ HTTP/2.0", host: "fb.zone"
2023/10/25 16:27:30 [error] 2667056#0: *12486472 directory index of "/www/wwwroot/fb.zone/public/images/en/howto/" is forbidden, client: 172.71.130.66, server: fb.zone, request: "GET /images/en/howto/ HTTP/2.0", host: "fb.zone"
2023/10/25 16:27:30 [error] 2667056#0: *12484805 directory index of "/www/wwwroot/fb.zone/public/images/en/" is forbidden, client: 172.71.131.77, server: fb.zone, request: "GET /images/en/ HTTP/2.0", host: "fb.zone"
2023/10/25 16:27:30 [error] 2667056#0: *12487632 directory index of "/www/wwwroot/fb.zone/public/images/" is forbidden, client: 172.71.130.135, server: fb.zone, request: "GET /images/ HTTP/2.0", host: "fb.zone"
2023/10/25 16:27:30 [error] 2667056#0: *12486503 directory index of "/www/wwwroot/fb.zone/public/storage/anime/themes/" is forbidden, client: 172.71.130.109, server: fb.zone, request: "GET /storage/anime/themes/ HTTP/2.0", host: "fb.zone"
2023/10/25 16:27:31 [error] 2667056#0: *12483241 directory index of "/www/wwwroot/fb.zone/public/storage/anime/" is forbidden, client: 172.71.130.124, server: fb.zone, request: "GET /storage/anime/ HTTP/2.0", host: "fb.zone"
2023/10/25 16:27:31 [error] 2667056#0: *12486415 directory index of "/www/wwwroot/fb.zone/public/storage/" is forbidden, client: 172.71.131.161, server: fb.zone, request: "GET /storage/ HTTP/2.0", host: "fb.zone"
2023/10/25 16:27:36 [error] 2667056#0: *12488194 directory index of "/www/wwwroot/fb.zone/public/images/en/howto/" is forbidden, client: 172.71.130.67, server: fb.zone, request: "GET /images/en/howto/ HTTP/2.0", host: "fb.zone"
2023/10/25 16:27:36 [error] 2667056#0: *12484805 directory index of "/www/wwwroot/fb.zone/public/images/en/" is forbidden, client: 172.71.131.77, server: fb.zone, request: "GET /images/en/ HTTP/2.0", host: "fb.zone"
2023/10/25 16:27:36 [error] 2667056#0: *12487632 directory index of "/www/wwwroot/fb.zone/public/images/" is forbidden, client: 172.71.130.135, server: fb.zone, request: "GET /images/ HTTP/2.0", host: "fb.zone"
2023/10/25 16:27:37 [error] 2667056#0: *12484443 directory index of "/www/wwwroot/fb.zone/public/storage/abstract/themes/" is forbidden, client: 172.71.131.148, server: fb.zone, request: "GET /storage/abstract/themes/ HTTP/2.0", host: "fb.zone"
2023/10/25 16:27:37 [error] 2667056#0: *12486523 directory index of "/www/wwwroot/fb.zone/public/storage/abstract/" is forbidden, client: 172.71.130.142, server: fb.zone, request: "GET /storage/abstract/ HTTP/2.0", host: "fb.zone"
2023/10/25 16:27:38 [error] 2667056#0: *12487401 directory index of "/www/wwwroot/fb.zone/public/storage/" is forbidden, client: 172.71.131.162, server: fb.zone, request: "GET /storage/ HTTP/2.0", host: "fb.zone"
2023/10/25 16:27:41 [error] 2667056#0: *12488035 directory index of "/www/wwwroot/fb.zone/public/storage/cars_and_motorcycles/themes/" is forbidden, client: 172.71.130.24, server: fb.zone, request: "GET /storage/cars_and_motorcycles/themes/ HTTP/2.0", host: "fb.zone"
2023/10/25 16:27:41 [error] 2667056#0: *12488040 directory index of "/www/wwwroot/fb.zone/public/storage/cars_and_motorcycles/" is forbidden, client: 172.71.130.184, server: fb.zone, request: "GET /storage/cars_and_motorcycles/ HTTP/2.0", host: "fb.zone"
2023/10/25 16:27:42 [error] 2667056#0: *12486415 directory index of "/www/wwwroot/fb.zone/public/storage/" is forbidden, client: 172.71.131.161, server: fb.zone, request: "GET /storage/ HTTP/2.0", host: "fb.zone"
2023/10/25 16:27:42 [error] 2667056#0: *12486472 directory index of "/www/wwwroot/fb.zone/public/images/en/howto/" is forbidden, client: 172.71.130.66, server: fb.zone, request: "GET /images/en/howto/ HTTP/2.0", host: "fb.zone"
2023/10/25 16:27:42 [error] 2667056#0: *12484805 directory index of "/www/wwwroot/fb.zone/public/images/en/" is forbidden, client: 172.71.131.77, server: fb.zone, request: "GET /images/en/ HTTP/2.0", host: "fb.zone"
2023/10/25 16:27:42 [error] 2667056#0: *12487632 directory index of "/www/wwwroot/fb.zone/public/images/" is forbidden, client: 172.71.130.135, server: fb.zone, request: "GET /images/ HTTP/2.0", host: "fb.zone"
2023/10/25 16:27:42 [error] 2667056#0: *12484443 directory index of "/www/wwwroot/fb.zone/public/storage/abstract/themes/" is forbidden, client: 172.71.131.148, server: fb.zone, request: "GET /storage/abstract/themes/ HTTP/2.0", host: "fb.zone"
2023/10/25 16:27:42 [error] 2667056#0: *12486523 directory index of "/www/wwwroot/fb.zone/public/storage/abstract/" is forbidden, client: 172.71.130.142, server: fb.zone, request: "GET /storage/abstract/ HTTP/2.0", host: "fb.zone"
2023/10/25 16:27:43 [error] 2667056#0: *12487401 directory index of "/www/wwwroot/fb.zone/public/storage/" is forbidden, client: 172.71.131.162, server: fb.zone, request: "GET /storage/ HTTP/2.0", host: "fb.zone"
2023/10/25 16:27:43 [error] 2667056#0: *12487145 directory index of "/www/wwwroot/fb.zone/public/storage/holidays/themes/" is forbidden, client: 172.71.130.74, server: fb.zone, request: "GET /storage/holidays/themes/ HTTP/2.0", host: "fb.zone"
2023/10/25 16:27:43 [error] 2667056#0: *12483392 directory index of "/www/wwwroot/fb.zone/public/storage/holidays/" is forbidden, client: 172.71.130.177, server: fb.zone, request: "GET /storage/holidays/ HTTP/2.0", host: "fb.zone"
2023/10/25 16:27:43 [error] 2667056#0: *12486415 directory index of "/www/wwwroot/fb.zone/public/storage/" is forbidden, client: 172.71.131.161, server: fb.zone, request: "GET /storage/ HTTP/2.0", host: "fb.zone"
2023/10/25 16:27:48 [error] 2667056#0: *12488194 directory index of "/www/wwwroot/fb.zone/public/images/en/howto/" is forbidden, client: 172.71.130.67, server: fb.zone, request: "GET /images/en/howto/ HTTP/2.0", host: "fb.zone"
2023/10/25 16:27:48 [error] 2667056#0: *12484805 directory index of "/www/wwwroot/fb.zone/public/images/en/" is forbidden, client: 172.71.131.77, server: fb.zone, request: "GET /images/en/ HTTP/2.0", host: "fb.zone"
2023/10/25 16:27:48 [error] 2667056#0: *12487632 directory index of "/www/wwwroot/fb.zone/public/images/" is forbidden, client: 172.71.130.135, server: fb.zone, request: "GET /images/ HTTP/2.0", host: "fb.zone"
2023/10/25 16:27:49 [error] 2667056#0: *12487145 directory index of "/www/wwwroot/fb.zone/public/storage/holidays/themes/" is forbidden, client: 172.71.130.74, server: fb.zone, request: "GET /storage/holidays/themes/ HTTP/2.0", host: "fb.zone"
2023/10/25 16:27:49 [error] 2667056#0: *12483392 directory index of "/www/wwwroot/fb.zone/public/storage/holidays/" is forbidden, client: 172.71.130.177, server: fb.zone, request: "GET /storage/holidays/ HTTP/2.0", host: "fb.zone"
2023/10/25 16:27:50 [error] 2667056#0: *12487401 directory index of "/www/wwwroot/fb.zone/public/storage/" is forbidden, client: 172.71.131.162, server: fb.zone, request: "GET /storage/ HTTP/2.0", host: "fb.zone"
2023/10/25 16:27:54 [error] 2667056#0: *12486472 directory index of "/www/wwwroot/fb.zone/public/images/en/howto/" is forbidden, client: 172.71.130.66, server: fb.zone, request: "GET /images/en/howto/ HTTP/2.0", host: "fb.zone"
2023/10/25 16:27:54 [error] 2667056#0: *12484805 directory index of "/www/wwwroot/fb.zone/public/images/en/" is forbidden, client: 172.71.131.77, server: fb.zone, request: "GET /images/en/ HTTP/2.0", host: "fb.zone"
2023/10/25 16:27:54 [error] 2667056#0: *12487632 directory index of "/www/wwwroot/fb.zone/public/images/" is forbidden, client: 172.71.130.135, server: fb.zone, request: "GET /images/ HTTP/2.0", host: "fb.zone"
2023/10/25 16:27:59 [error] 2667056#0: *12487094 directory index of "/www/wwwroot/fb.zone/public/images/en/howto/" is forbidden, client: 141.101.68.122, server: fb.zone, request: "GET /images/en/howto/ HTTP/2.0", host: "fb.zone"
2023/10/25 16:27:59 [error] 2667056#0: *12488681 directory index of "/www/wwwroot/fb.zone/public/images/en/" is forbidden, client: 141.101.69.38, server: fb.zone, request: "GET /images/en/ HTTP/2.0", host: "fb.zone"
2023/10/25 16:27:59 [error] 2667056#0: *12488127 directory index of "/www/wwwroot/fb.zone/public/images/" is forbidden, client: 141.101.68.194, server: fb.zone, request: "GET /images/ HTTP/2.0", host: "fb.zone"
2023/10/25 16:28:00 [error] 2667056#0: *12488688 directory index of "/www/wwwroot/fb.zone/public/storage/" is forbidden, client: 141.101.68.199, server: fb.zone, request: "GET /storage/ HTTP/2.0", host: "fb.zone"
2023/10/25 16:28:02 [error] 2667056#0: *12488735 directory index of "/www/wwwroot/fb.zone/public/storage/anime/themes/" is forbidden, client: 141.101.68.250, server: fb.zone, request: "GET /storage/anime/themes/ HTTP/2.0", host: "fb.zone"
2023/10/25 16:28:02 [error] 2667056#0: *12483257 directory index of "/www/wwwroot/fb.zone/public/storage/anime/" is forbidden, client: 141.101.68.202, server: fb.zone, request: "GET /storage/anime/ HTTP/2.0", host: "fb.zone"
2023/10/25 16:28:02 [error] 2667056#0: *12488688 directory index of "/www/wwwroot/fb.zone/public/storage/" is forbidden, client: 141.101.68.199, server: fb.zone, request: "GET /storage/ HTTP/2.0", host: "fb.zone"
2023/10/25 16:28:04 [error] 2667056#0: *12488778 directory index of "/www/wwwroot/fb.zone/public/storage/abstract/themes/" is forbidden, client: 141.101.69.25, server: fb.zone, request: "GET /storage/abstract/themes/ HTTP/2.0", host: "fb.zone"
2023/10/25 16:28:04 [error] 2667056#0: *12484487 directory index of "/www/wwwroot/fb.zone/public/storage/abstract/" is forbidden, client: 141.101.68.209, server: fb.zone, request: "GET /storage/abstract/ HTTP/2.0", host: "fb.zone"
2023/10/25 16:28:05 [error] 2667056#0: *12488688 directory index of "/www/wwwroot/fb.zone/public/storage/" is forbidden, client: 141.101.68.199, server: fb.zone, request: "GET /storage/ HTTP/2.0", host: "fb.zone"
2023/10/25 16:28:05 [error] 2667056#0: *12487094 directory index of "/www/wwwroot/fb.zone/public/images/en/howto/" is forbidden, client: 141.101.68.122, server: fb.zone, request: "GET /images/en/howto/ HTTP/2.0", host: "fb.zone"
2023/10/25 16:28:05 [error] 2667056#0: *12488681 directory index of "/www/wwwroot/fb.zone/public/images/en/" is forbidden, client: 141.101.69.38, server: fb.zone, request: "GET /images/en/ HTTP/2.0", host: "fb.zone"
2023/10/25 16:28:05 [error] 2667056#0: *12488127 directory index of "/www/wwwroot/fb.zone/public/images/" is forbidden, client: 141.101.68.194, server: fb.zone, request: "GET /images/ HTTP/2.0", host: "fb.zone"
2023/10/25 16:28:05 [error] 2667056#0: *12488799 directory index of "/www/wwwroot/fb.zone/public/storage/love/themes/" is forbidden, client: 141.101.68.112, server: fb.zone, request: "GET /storage/love/themes/ HTTP/2.0", host: "fb.zone"
2023/10/25 16:28:06 [error] 2667056#0: *12486847 directory index of "/www/wwwroot/fb.zone/public/storage/love/" is forbidden, client: 141.101.68.46, server: fb.zone, request: "GET /storage/love/ HTTP/2.0", host: "fb.zone"
2023/10/25 16:28:06 [error] 2667056#0: *12488688 directory index of "/www/wwwroot/fb.zone/public/storage/" is forbidden, client: 141.101.68.199, server: fb.zone, request: "GET /storage/ HTTP/2.0", host: "fb.zone"
2023/10/25 16:28:06 [error] 2667056#0: *12488812 directory index of "/www/wwwroot/fb.zone/public/storage/holidays/themes/" is forbidden, client: 141.101.68.30, server: fb.zone, request: "GET /storage/holidays/themes/ HTTP/2.0", host: "fb.zone"
2023/10/25 16:28:07 [error] 2667056#0: *12488816 directory index of "/www/wwwroot/fb.zone/public/storage/holidays/" is forbidden, client: 141.101.68.58, server: fb.zone, request: "GET /storage/holidays/ HTTP/2.0", host: "fb.zone"
2023/10/25 16:28:07 [error] 2667056#0: *12488688 directory index of "/www/wwwroot/fb.zone/public/storage/" is forbidden, client: 141.101.68.199, server: fb.zone, request: "GET /storage/ HTTP/2.0", host: "fb.zone"
2023/10/25 16:28:16 [error] 2667056#0: *12486929 directory index of "/www/wwwroot/fb.zone/public/storage/anime/themes/" is forbidden, client: 172.71.134.215, server: fb.zone, request: "GET /storage/anime/themes/ HTTP/2.0", host: "fb.zone"
2023/10/25 16:28:17 [error] 2667056#0: *12489018 directory index of "/www/wwwroot/fb.zone/public/storage/anime/" is forbidden, client: 172.71.135.40, server: fb.zone, request: "GET /storage/anime/ HTTP/2.0", host: "fb.zone"
2023/10/25 16:28:17 [error] 2667056#0: *12488042 directory index of "/www/wwwroot/fb.zone/public/storage/" is forbidden, client: 172.71.134.40, server: fb.zone, request: "GET /storage/ HTTP/2.0", host: "fb.zone"
2023/10/25 16:28:17 [error] 2667056#0: *12489027 directory index of "/www/wwwroot/fb.zone/public/storage/art_and_design/themes/" is forbidden, client: 172.71.134.145, server: fb.zone, request: "GET /storage/art_and_design/themes/ HTTP/2.0", host: "fb.zone"
2023/10/25 16:28:17 [error] 2667056#0: *12486676 directory index of "/www/wwwroot/fb.zone/public/storage/art_and_design/" is forbidden, client: 172.71.134.135, server: fb.zone, request: "GET /storage/art_and_design/ HTTP/2.0", host: "fb.zone"
2023/10/25 16:28:18 [error] 2667056#0: *12488042 directory index of "/www/wwwroot/fb.zone/public/storage/" is forbidden, client: 172.71.134.40, server: fb.zone, request: "GET /storage/ HTTP/2.0", host: "fb.zone"
2023/10/25 16:28:19 [error] 2667056#0: *12486344 directory index of "/www/wwwroot/fb.zone/public/storage/abstract/themes/" is forbidden, client: 172.71.134.218, server: fb.zone, request: "GET /storage/abstract/themes/ HTTP/2.0", host: "fb.zone"
2023/10/25 16:28:20 [error] 2667056#0: *12488956 directory index of "/www/wwwroot/fb.zone/public/storage/abstract/" is forbidden, client: 172.71.135.66, server: fb.zone, request: "GET /storage/abstract/ HTTP/2.0", host: "fb.zone"
2023/10/25 16:28:20 [error] 2667056#0: *12488042 directory index of "/www/wwwroot/fb.zone/public/storage/" is forbidden, client: 172.71.134.40, server: fb.zone, request: "GET /storage/ HTTP/2.0", host: "fb.zone"
2023/10/25 16:28:23 [error] 2667056#0: *12489027 directory index of "/www/wwwroot/fb.zone/public/storage/art_and_design/themes/" is forbidden, client: 172.71.134.145, server: fb.zone, request: "GET /storage/art_and_design/themes/ HTTP/2.0", host: "fb.zone"
2023/10/25 16:28:23 [error] 2667056#0: *12486676 directory index of "/www/wwwroot/fb.zone/public/storage/art_and_design/" is forbidden, client: 172.71.134.135, server: fb.zone, request: "GET /storage/art_and_design/ HTTP/2.0", host: "fb.zone"
2023/10/25 16:28:24 [error] 2667056#0: *12488042 directory index of "/www/wwwroot/fb.zone/public/storage/" is forbidden, client: 172.71.134.40, server: fb.zone, request: "GET /storage/ HTTP/2.0", host: "fb.zone"
2023/10/25 16:28:26 [error] 2667056#0: *12484258 directory index of "/www/wwwroot/fb.zone/public/storage/holidays/themes/" is forbidden, client: 172.71.134.161, server: fb.zone, request: "GET /storage/holidays/themes/ HTTP/2.0", host: "fb.zone"
2023/10/25 16:28:27 [error] 2667056#0: *12489203 directory index of "/www/wwwroot/fb.zone/public/storage/holidays/" is forbidden, client: 172.71.134.150, server: fb.zone, request: "GET /storage/holidays/ HTTP/2.0", host: "fb.zone"
2023/10/25 16:28:27 [error] 2667056#0: *12488042 directory index of "/www/wwwroot/fb.zone/public/storage/" is forbidden, client: 172.71.134.40, server: fb.zone, request: "GET /storage/ HTTP/2.0", host: "fb.zone"
2023/10/25 16:28:31 [error] 2667056#0: *12489027 directory index of "/www/wwwroot/fb.zone/public/storage/art_and_design/themes/" is forbidden, client: 172.71.134.145, server: fb.zone, request: "GET /storage/art_and_design/themes/ HTTP/2.0", host: "fb.zone"
2023/10/25 16:28:31 [error] 2667056#0: *12486676 directory index of "/www/wwwroot/fb.zone/public/storage/art_and_design/" is forbidden, client: 172.71.134.135, server: fb.zone, request: "GET /storage/art_and_design/ HTTP/2.0", host: "fb.zone"
2023/10/25 16:28:31 [error] 2667056#0: *12488042 directory index of "/www/wwwroot/fb.zone/public/storage/" is forbidden, client: 172.71.134.40, server: fb.zone, request: "GET /storage/ HTTP/2.0", host: "fb.zone"
2023/10/25 16:28:32 [error] 2667056#0: *12483193 directory index of "/www/wwwroot/fb.zone/public/storage/anime/themes/" is forbidden, client: 172.71.122.163, server: fb.zone, request: "GET /storage/anime/themes/ HTTP/2.0", host: "fb.zone"
2023/10/25 16:28:33 [error] 2667056#0: *12489322 directory index of "/www/wwwroot/fb.zone/public/storage/anime/" is forbidden, client: 172.71.123.51, server: fb.zone, request: "GET /storage/anime/ HTTP/2.0", host: "fb.zone"
2023/10/25 16:28:33 [error] 2667056#0: *12488181 directory index of "/www/wwwroot/fb.zone/public/storage/" is forbidden, client: 172.71.122.189, server: fb.zone, request: "GET /storage/ HTTP/2.0", host: "fb.zone"
2023/10/25 16:28:37 [error] 2667056#0: *12487965 directory index of "/www/wwwroot/fb.zone/public/storage/abstract/themes/" is forbidden, client: 172.71.122.94, server: fb.zone, request: "GET /storage/abstract/themes/ HTTP/2.0", host: "fb.zone"
2023/10/25 16:28:37 [error] 2667056#0: *12483394 directory index of "/www/wwwroot/fb.zone/public/storage/abstract/" is forbidden, client: 172.71.122.131, server: fb.zone, request: "GET /storage/abstract/ HTTP/2.0", host: "fb.zone"
2023/10/25 16:28:38 [error] 2667056#0: *12482966 directory index of "/www/wwwroot/fb.zone/public/storage/" is forbidden, client: 172.71.122.188, server: fb.zone, request: "GET /storage/ HTTP/2.0", host: "fb.zone"
2023/10/25 16:28:39 [error] 2667056#0: *12489445 directory index of "/www/wwwroot/fb.zone/public/storage/cities/themes/" is forbidden, client: 172.71.122.14, server: fb.zone, request: "GET /storage/cities/themes/ HTTP/2.0", host: "fb.zone"
2023/10/25 16:28:39 [error] 2667056#0: *12489355 directory index of "/www/wwwroot/fb.zone/public/storage/cities/" is forbidden, client: 172.71.122.76, server: fb.zone, request: "GET /storage/cities/ HTTP/2.0", host: "fb.zone"
2023/10/25 16:28:39 [error] 2667056#0: *12488181 directory index of "/www/wwwroot/fb.zone/public/storage/" is forbidden, client: 172.71.122.189, server: fb.zone, request: "GET /storage/ HTTP/2.0", host: "fb.zone"
2023/10/25 16:28:41 [error] 2667056#0: *12489478 directory index of "/www/wwwroot/fb.zone/public/storage/fantasy/themes/" is forbidden, client: 172.71.123.84, server: fb.zone, request: "GET /storage/fantasy/themes/ HTTP/2.0", host: "fb.zone"
2023/10/25 16:28:41 [error] 2667056#0: *12489271 directory index of "/www/wwwroot/fb.zone/public/storage/fantasy/" is forbidden, client: 172.71.122.86, server: fb.zone, request: "GET /storage/fantasy/ HTTP/2.0", host: "fb.zone"
2023/10/25 16:28:41 [error] 2667056#0: *12482966 directory index of "/www/wwwroot/fb.zone/public/storage/" is forbidden, client: 172.71.122.188, server: fb.zone, request: "GET /storage/ HTTP/2.0", host: "fb.zone"
2023/10/25 16:28:43 [error] 2667056#0: *12488181 directory index of "/www/wwwroot/fb.zone/public/storage/" is forbidden, client: 172.71.122.189, server: fb.zone, request: "GET /storage/ HTTP/2.0", host: "fb.zone"
2023/10/25 16:28:43 [error] 2667056#0: *12487965 directory index of "/www/wwwroot/fb.zone/public/storage/abstract/themes/" is forbidden, client: 172.71.122.94, server: fb.zone, request: "GET /storage/abstract/themes/ HTTP/2.0", host: "fb.zone"
2023/10/25 16:28:43 [error] 2667056#0: *12483909 directory index of "/www/wwwroot/fb.zone/public/storage/abstract/" is forbidden, client: 172.71.122.131, server: fb.zone, request: "GET /storage/abstract/ HTTP/2.0", host: "fb.zone"
2023/10/25 16:28:43 [error] 2667056#0: *12482966 directory index of "/www/wwwroot/fb.zone/public/storage/" is forbidden, client: 172.71.122.188, server: fb.zone, request: "GET /storage/ HTTP/2.0", host: "fb.zone"
2023/10/25 16:28:46 [error] 2667056#0: *12489478 directory index of "/www/wwwroot/fb.zone/public/storage/fantasy/themes/" is forbidden, client: 172.71.123.84, server: fb.zone, request: "GET /storage/fantasy/themes/ HTTP/2.0", host: "fb.zone"
2023/10/25 16:28:47 [error] 2667056#0: *12489271 directory index of "/www/wwwroot/fb.zone/public/storage/fantasy/" is forbidden, client: 172.71.122.86, server: fb.zone, request: "GET /storage/fantasy/ HTTP/2.0", host: "fb.zone"
2023/10/25 16:28:47 [error] 2667056#0: *12488181 directory index of "/www/wwwroot/fb.zone/public/storage/" is forbidden, client: 172.71.122.189, server: fb.zone, request: "GET /storage/ HTTP/2.0", host: "fb.zone"
2023/10/25 16:28:52 [error] 2667056#0: *12487965 directory index of "/www/wwwroot/fb.zone/public/storage/abstract/themes/" is forbidden, client: 172.71.122.94, server: fb.zone, request: "GET /storage/abstract/themes/ HTTP/2.0", host: "fb.zone"
2023/10/25 16:28:52 [error] 2667056#0: *12483394 directory index of "/www/wwwroot/fb.zone/public/storage/abstract/" is forbidden, client: 172.71.122.131, server: fb.zone, request: "GET /storage/abstract/ HTTP/2.0", host: "fb.zone"
2023/10/25 16:28:53 [error] 2667056#0: *12482966 directory index of "/www/wwwroot/fb.zone/public/storage/" is forbidden, client: 172.71.122.188, server: fb.zone, request: "GET /storage/ HTTP/2.0", host: "fb.zone"
2023/10/25 16:28:53 [error] 2667056#0: *12487834 directory index of "/www/wwwroot/fb.zone/public/storage/comics/themes/" is forbidden, client: 172.71.122.179, server: fb.zone, request: "GET /storage/comics/themes/ HTTP/2.0", host: "fb.zone"
2023/10/25 16:28:53 [error] 2667056#0: *12486461 directory index of "/www/wwwroot/fb.zone/public/storage/comics/" is forbidden, client: 172.71.122.247, server: fb.zone, request: "GET /storage/comics/ HTTP/2.0", host: "fb.zone"
2023/10/25 16:28:54 [error] 2667056#0: *12488181 directory index of "/www/wwwroot/fb.zone/public/storage/" is forbidden, client: 172.71.122.189, server: fb.zone, request: "GET /storage/ HTTP/2.0", host: "fb.zone"
2023/10/25 16:28:54 [error] 2667056#0: *12487965 directory index of "/www/wwwroot/fb.zone/public/storage/abstract/themes/" is forbidden, client: 172.71.122.94, server: fb.zone, request: "GET /storage/abstract/themes/ HTTP/2.0", host: "fb.zone"
2023/10/25 16:28:55 [error] 2667056#0: *12483909 directory index of "/www/wwwroot/fb.zone/public/storage/abstract/" is forbidden, client: 172.71.122.131, server: fb.zone, request: "GET /storage/abstract/ HTTP/2.0", host: "fb.zone"
2023/10/25 16:28:55 [error] 2667056#0: *12482966 directory index of "/www/wwwroot/fb.zone/public/storage/" is forbidden, client: 172.71.122.188, server: fb.zone, request: "GET /storage/ HTTP/2.0", host: "fb.zone"
2023/10/25 16:28:59 [error] 2667056#0: *12487965 directory index of "/www/wwwroot/fb.zone/public/storage/abstract/themes/" is forbidden, client: 172.71.122.94, server: fb.zone, request: "GET /storage/abstract/themes/ HTTP/2.0", host: "fb.zone"
2023/10/25 16:28:59 [error] 2667056#0: *12483394 directory index of "/www/wwwroot/fb.zone/public/storage/abstract/" is forbidden, client: 172.71.122.131, server: fb.zone, request: "GET /storage/abstract/ HTTP/2.0", host: "fb.zone"
2023/10/25 16:28:59 [error] 2667056#0: *12488181 directory index of "/www/wwwroot/fb.zone/public/storage/" is forbidden, client: 172.71.122.189, server: fb.zone, request: "GET /storage/ HTTP/2.0", host: "fb.zone"
2023/10/25 16:29:00 [error] 2667056#0: *12487965 directory index of "/www/wwwroot/fb.zone/public/storage/abstract/themes/" is forbidden, client: 172.71.122.94, server: fb.zone, request: "GET /storage/abstract/themes/ HTTP/2.0", host: "fb.zone"
2023/10/25 16:29:00 [error] 2667056#0: *12483909 directory index of "/www/wwwroot/fb.zone/public/storage/abstract/" is forbidden, client: 172.71.122.131, server: fb.zone, request: "GET /storage/abstract/ HTTP/2.0", host: "fb.zone"
2023/10/25 16:29:00 [error] 2667056#0: *12482966 directory index of "/www/wwwroot/fb.zone/public/storage/" is forbidden, client: 172.71.122.188, server: fb.zone, request: "GET /storage/ HTTP/2.0", host: "fb.zone"
2023/10/25 16:29:00 [error] 2667056#0: *12488602 directory index of "/www/wwwroot/fb.zone/public/storage/tv_serials/themes/" is forbidden, client: 172.71.123.128, server: fb.zone, request: "GET /storage/tv_serials/themes/ HTTP/2.0", host: "fb.zone"
2023/10/25 16:29:00 [error] 2667056#0: *12489322 directory index of "/www/wwwroot/fb.zone/public/storage/tv_serials/" is forbidden, client: 172.71.123.51, server: fb.zone, request: "GET /storage/tv_serials/ HTTP/2.0", host: "fb.zone"
2023/10/25 16:29:00 [error] 2667056#0: *12488181 directory index of "/www/wwwroot/fb.zone/public/storage/" is forbidden, client: 172.71.122.189, server: fb.zone, request: "GET /storage/ HTTP/2.0", host: "fb.zone"
2023/10/25 16:29:01 [error] 2667056#0: *12489321 directory index of "/www/wwwroot/fb.zone/public/storage/space/themes/" is forbidden, client: 172.71.122.238, server: fb.zone, request: "GET /storage/space/themes/ HTTP/2.0", host: "fb.zone"
2023/10/25 16:29:01 [error] 2667056#0: *12487719 directory index of "/www/wwwroot/fb.zone/public/storage/space/" is forbidden, client: 172.71.123.140, server: fb.zone, request: "GET /storage/space/ HTTP/2.0", host: "fb.zone"
2023/10/25 16:29:01 [error] 2667056#0: *12482966 directory index of "/www/wwwroot/fb.zone/public/storage/" is forbidden, client: 172.71.122.188, server: fb.zone, request: "GET /storage/ HTTP/2.0", host: "fb.zone"
2023/10/25 16:29:03 [error] 2667056#0: *12487965 directory index of "/www/wwwroot/fb.zone/public/storage/abstract/themes/" is forbidden, client: 172.71.122.94, server: fb.zone, request: "GET /storage/abstract/themes/ HTTP/2.0", host: "fb.zone"
2023/10/25 16:29:03 [error] 2667056#0: *12483394 directory index of "/www/wwwroot/fb.zone/public/storage/abstract/" is forbidden, client: 172.71.122.131, server: fb.zone, request: "GET /storage/abstract/ HTTP/2.0", host: "fb.zone"
2023/10/25 16:29:03 [error] 2667056#0: *12488181 directory index of "/www/wwwroot/fb.zone/public/storage/" is forbidden, client: 172.71.122.189, server: fb.zone, request: "GET /storage/ HTTP/2.0", host: "fb.zone"
2023/10/25 16:29:04 [error] 2667056#0: *12488419 directory index of "/www/wwwroot/fb.zone/public/storage/dogs/themes/" is forbidden, client: 172.71.123.143, server: fb.zone, request: "GET /storage/dogs/themes/ HTTP/2.0", host: "fb.zone"
2023/10/25 16:29:04 [error] 2667056#0: *12487219 directory index of "/www/wwwroot/fb.zone/public/storage/dogs/" is forbidden, client: 172.71.122.48, server: fb.zone, request: "GET /storage/dogs/ HTTP/2.0", host: "fb.zone"
2023/10/25 16:29:04 [error] 2667056#0: *12482966 directory index of "/www/wwwroot/fb.zone/public/storage/" is forbidden, client: 172.71.122.188, server: fb.zone, request: "GET /storage/ HTTP/2.0", host: "fb.zone"
2023/10/25 16:29:09 [error] 2667056#0: *12488915 directory index of "/www/wwwroot/fb.zone/public/storage/black/themes/" is forbidden, client: 172.71.123.75, server: fb.zone, request: "GET /storage/black/themes/ HTTP/2.0", host: "fb.zone"
2023/10/25 16:29:10 [error] 2667056#0: *12489937 directory index of "/www/wwwroot/fb.zone/public/storage/black/" is forbidden, client: 172.71.123.137, server: fb.zone, request: "GET /storage/black/ HTTP/2.0", host: "fb.zone"
2023/10/25 16:29:10 [error] 2667056#0: *12488181 directory index of "/www/wwwroot/fb.zone/public/storage/" is forbidden, client: 172.71.122.189, server: fb.zone, request: "GET /storage/ HTTP/2.0", host: "fb.zone"
2023/10/25 16:29:12 [error] 2667056#0: *12488904 directory index of "/www/wwwroot/fb.zone/public/storage/games/themes/" is forbidden, client: 172.71.123.195, server: fb.zone, request: "GET /storage/games/themes/ HTTP/2.0", host: "fb.zone"
2023/10/25 16:29:13 [error] 2667056#0: *12490074 directory index of "/www/wwwroot/fb.zone/public/storage/games/" is forbidden, client: 172.71.122.26, server: fb.zone, request: "GET /storage/games/ HTTP/2.0", host: "fb.zone"
2023/10/25 16:29:13 [error] 2667056#0: *12482966 directory index of "/www/wwwroot/fb.zone/public/storage/" is forbidden, client: 172.71.122.188, server: fb.zone, request: "GET /storage/ HTTP/2.0", host: "fb.zone"
2023/10/25 16:29:16 [error] 2667056#0: *12488915 directory index of "/www/wwwroot/fb.zone/public/storage/black/themes/" is forbidden, client: 172.71.123.75, server: fb.zone, request: "GET /storage/black/themes/ HTTP/2.0", host: "fb.zone"
2023/10/25 16:29:16 [error] 2667056#0: *12489937 directory index of "/www/wwwroot/fb.zone/public/storage/black/" is forbidden, client: 172.71.123.137, server: fb.zone, request: "GET /storage/black/ HTTP/2.0", host: "fb.zone"
2023/10/25 16:29:16 [error] 2667056#0: *12488181 directory index of "/www/wwwroot/fb.zone/public/storage/" is forbidden, client: 172.71.122.189, server: fb.zone, request: "GET /storage/ HTTP/2.0", host: "fb.zone"
2023/10/25 16:29:20 [error] 2667056#0: *12489478 directory index of "/www/wwwroot/fb.zone/public/storage/fantasy/themes/" is forbidden, client: 172.71.123.84, server: fb.zone, request: "GET /storage/fantasy/themes/ HTTP/2.0", host: "fb.zone"
2023/10/25 16:29:20 [error] 2667056#0: *12489271 directory index of "/www/wwwroot/fb.zone/public/storage/fantasy/" is forbidden, client: 172.71.122.86, server: fb.zone, request: "GET /storage/fantasy/ HTTP/2.0", host: "fb.zone"
2023/10/25 16:29:20 [error] 2667056#0: *12482966 directory index of "/www/wwwroot/fb.zone/public/storage/" is forbidden, client: 172.71.122.188, server: fb.zone, request: "GET /storage/ HTTP/2.0", host: "fb.zone"
2023/10/25 16:29:20 [error] 2667056#0: *12488915 directory index of "/www/wwwroot/fb.zone/public/storage/black/themes/" is forbidden, client: 172.71.123.75, server: fb.zone, request: "GET /storage/black/themes/ HTTP/2.0", host: "fb.zone"
2023/10/25 16:29:20 [error] 2667056#0: *12489937 directory index of "/www/wwwroot/fb.zone/public/storage/black/" is forbidden, client: 172.71.123.137, server: fb.zone, request: "GET /storage/black/ HTTP/2.0", host: "fb.zone"
2023/10/25 16:29:21 [error] 2667056#0: *12488181 directory index of "/www/wwwroot/fb.zone/public/storage/" is forbidden, client: 172.71.122.189, server: fb.zone, request: "GET /storage/ HTTP/2.0", host: "fb.zone"
2023/10/25 16:29:22 [error] 2667056#0: *12490191 directory index of "/www/wwwroot/fb.zone/public/storage/landscapes/themes/" is forbidden, client: 172.71.123.171, server: fb.zone, request: "GET /storage/landscapes/themes/ HTTP/2.0", host: "fb.zone"
2023/10/25 16:29:22 [error] 2667056#0: *12486704 directory index of "/www/wwwroot/fb.zone/public/storage/landscapes/" is forbidden, client: 172.71.122.83, server: fb.zone, request: "GET /storage/landscapes/ HTTP/2.0", host: "fb.zone"
2023/10/25 16:29:22 [error] 2667056#0: *12488688 directory index of "/www/wwwroot/fb.zone/public/storage/" is forbidden, client: 141.101.68.199, server: fb.zone, request: "GET /storage/ HTTP/2.0", host: "fb.zone"
2023/10/25 16:29:26 [error] 2667056#0: *12489128 directory index of "/www/wwwroot/fb.zone/public/storage/fantasy/themes/" is forbidden, client: 141.101.68.107, server: fb.zone, request: "GET /storage/fantasy/themes/ HTTP/2.0", host: "fb.zone"
2023/10/25 16:29:26 [error] 2667056#0: *12487004 directory index of "/www/wwwroot/fb.zone/public/storage/fantasy/" is forbidden, client: 141.101.68.244, server: fb.zone, request: "GET /storage/fantasy/ HTTP/2.0", host: "fb.zone"
2023/10/25 16:29:26 [error] 2667056#0: *12488688 directory index of "/www/wwwroot/fb.zone/public/storage/" is forbidden, client: 141.101.68.199, server: fb.zone, request: "GET /storage/ HTTP/2.0", host: "fb.zone"
2023/10/25 16:29:33 [error] 2667056#0: *12484487 directory index of "/www/wwwroot/fb.zone/public/storage/flags/themes/" is forbidden, client: 141.101.68.209, server: fb.zone, request: "GET /storage/flags/themes/ HTTP/2.0", host: "fb.zone"
2023/10/25 16:29:33 [error] 2667056#0: *12488758 directory index of "/www/wwwroot/fb.zone/public/storage/flags/" is forbidden, client: 141.101.68.77, server: fb.zone, request: "GET /storage/flags/ HTTP/2.0", host: "fb.zone"
2023/10/25 16:29:33 [error] 2667056#0: *12488688 directory index of "/www/wwwroot/fb.zone/public/storage/" is forbidden, client: 141.101.68.199, server: fb.zone, request: "GET /storage/ HTTP/2.0", host: "fb.zone"
2023/10/25 16:29:35 [error] 2667056#0: *12490530 directory index of "/www/wwwroot/fb.zone/public/storage/games/themes/" is forbidden, client: 141.101.69.30, server: fb.zone, request: "GET /storage/games/themes/ HTTP/2.0", host: "fb.zone"
2023/10/25 16:29:35 [error] 2667056#0: *12490537 directory index of "/www/wwwroot/fb.zone/public/storage/games/" is forbidden, client: 141.101.68.241, server: fb.zone, request: "GET /storage/games/ HTTP/2.0", host: "fb.zone"
2023/10/25 16:29:35 [error] 2667056#0: *12488688 directory index of "/www/wwwroot/fb.zone/public/storage/" is forbidden, client: 141.101.68.199, server: fb.zone, request: "GET /storage/ HTTP/2.0", host: "fb.zone"
2023/10/25 16:29:39 [error] 2667056#0: *12486523 directory index of "/www/wwwroot/fb.zone/public/storage/flags/themes/" is forbidden, client: 172.71.130.142, server: fb.zone, request: "GET /storage/flags/themes/ HTTP/2.0", host: "fb.zone"
2023/10/25 16:29:39 [error] 2667056#0: *12490546 directory index of "/www/wwwroot/fb.zone/public/storage/flags/" is forbidden, client: 172.71.130.35, server: fb.zone, request: "GET /storage/flags/ HTTP/2.0", host: "fb.zone"
2023/10/25 16:29:40 [error] 2667056#0: *12486415 directory index of "/www/wwwroot/fb.zone/public/storage/" is forbidden, client: 172.71.131.161, server: fb.zone, request: "GET /storage/ HTTP/2.0", host: "fb.zone"
2023/10/25 16:29:41 [error] 2667056#0: *12487401 directory index of "/www/wwwroot/fb.zone/public/storage/" is forbidden, client: 172.71.131.162, server: fb.zone, request: "GET /storage/ HTTP/2.0", host: "fb.zone"
2023/10/25 16:29:47 [error] 2667056#0: *12487244 directory index of "/www/wwwroot/fb.zone/public/storage/nature/themes/" is forbidden, client: 172.71.131.52, server: fb.zone, request: "GET /storage/nature/themes/ HTTP/2.0", host: "fb.zone"
2023/10/25 16:29:48 [error] 2667056#0: *12490771 directory index of "/www/wwwroot/fb.zone/public/storage/nature/" is forbidden, client: 172.71.131.112, server: fb.zone, request: "GET /storage/nature/ HTTP/2.0", host: "fb.zone"
2023/10/25 16:29:48 [error] 2667056#0: *12486415 directory index of "/www/wwwroot/fb.zone/public/storage/" is forbidden, client: 172.71.131.161, server: fb.zone, request: "GET /storage/ HTTP/2.0", host: "fb.zone"
2023/10/25 16:29:55 [error] 2667056#0: *12488042 directory index of "/www/wwwroot/fb.zone/public/storage/" is forbidden, client: 172.71.134.40, server: fb.zone, request: "GET /storage/ HTTP/2.0", host: "fb.zone"
2023/10/26 03:17:58 [error] 2667056#0: *12623530 open() "/www/wwwroot/fb.zone/public/.well-known/traffic-advice" failed (2: No such file or directory), client: 162.158.171.5, server: fb.zone, request: "GET /.well-known/traffic-advice HTTP/2.0", host: "fb.zone"
2023/10/27 01:53:32 [error] 2667056#0: *13008467 open() "/www/wwwroot/fb.zone/public/.well-known/security.txt" failed (2: No such file or directory), client: 162.158.159.222, server: fb.zone, request: "GET /.well-known/security.txt HTTP/2.0", host: "fb.zone"
2023/10/27 01:53:33 [error] 2667056#0: *13008471 open() "/www/wwwroot/fb.zone/public/.well-known/security.txt" failed (2: No such file or directory), client: 162.158.155.124, server: fb.zone, request: "GET /.well-known/security.txt HTTP/2.0", host: "fb.zone", referrer: "http://fb.zone/.well-known/security.txt"
2023/10/27 07:00:33 [error] 2667056#0: *13066374 open() "/www/wwwroot/fb.zone/public/.well-known/ai-plugin.json" failed (2: No such file or directory), client: 172.70.38.47, server: fb.zone, request: "GET /.well-known/ai-plugin.json HTTP/2.0", host: "fb.zone"
2023/10/28 03:24:26 [error] 2667056#0: *13344433 open() "/www/wwwroot/fb.zone/public/.well-known/traffic-advice" failed (2: No such file or directory), client: 172.71.94.150, server: fb.zone, request: "GET /.well-known/traffic-advice HTTP/2.0", host: "fb.zone"
2023/10/28 17:50:42 [error] 2667056#0: *13516619 open() "/www/wwwroot/fb.zone/public/.well-known/apple-app-site-association" failed (2: No such file or directory), client: 162.158.170.107, server: fb.zone, request: "GET /.well-known/apple-app-site-association HTTP/2.0", host: "fb.zone"
2023/10/28 17:50:52 [error] 2667056#0: *13516632 open() "/www/wwwroot/fb.zone/public/.well-known/apple-app-site-association" failed (2: No such file or directory), client: 172.70.143.93, server: fb.zone, request: "GET /.well-known/apple-app-site-association HTTP/2.0", host: "www.fb.zone"
2023/10/28 17:51:02 [error] 2667056#0: *13516649 open() "/www/wwwroot/fb.zone/public/.well-known/assetlinks.json" failed (2: No such file or directory), client: 162.158.189.73, server: fb.zone, request: "GET /.well-known/assetlinks.json HTTP/2.0", host: "fb.zone"
2023/10/28 17:51:07 [error] 2667056#0: *13516687 open() "/www/wwwroot/fb.zone/public/.well-known/assetlinks.json" failed (2: No such file or directory), client: 108.162.227.90, server: fb.zone, request: "GET /.well-known/assetlinks.json HTTP/2.0", host: "www.fb.zone"
2023/10/28 17:51:12 [error] 2667056#0: *13516693 open() "/www/wwwroot/fb.zone/public/.well-known/gpc.json" failed (2: No such file or directory), client: 162.158.189.86, server: fb.zone, request: "GET /.well-known/gpc.json HTTP/2.0", host: "fb.zone"
2023/10/28 17:51:18 [error] 2667056#0: *13516696 open() "/www/wwwroot/fb.zone/public/.well-known/gpc.json" failed (2: No such file or directory), client: 162.158.170.121, server: fb.zone, request: "GET /.well-known/gpc.json HTTP/2.0", host: "www.fb.zone"
2023/10/28 17:51:22 [error] 2667056#0: *13516699 open() "/www/wwwroot/fb.zone/public/.well-known/nodeinfo" failed (2: No such file or directory), client: 162.158.107.9, server: fb.zone, request: "GET /.well-known/nodeinfo HTTP/2.0", host: "fb.zone"
2023/10/28 17:51:27 [error] 2667056#0: *13516704 open() "/www/wwwroot/fb.zone/public/.well-known/nodeinfo" failed (2: No such file or directory), client: 162.158.170.114, server: fb.zone, request: "GET /.well-known/nodeinfo HTTP/2.0", host: "www.fb.zone"
2023/10/28 17:51:32 [error] 2667056#0: *13516707 open() "/www/wwwroot/fb.zone/public/.well-known/openid-configuration" failed (2: No such file or directory), client: 162.158.189.62, server: fb.zone, request: "GET /.well-known/openid-configuration HTTP/2.0", host: "fb.zone"
2023/10/28 17:51:37 [error] 2667056#0: *13516712 open() "/www/wwwroot/fb.zone/public/.well-known/openid-configuration" failed (2: No such file or directory), client: 162.158.190.76, server: fb.zone, request: "GET /.well-known/openid-configuration HTTP/2.0", host: "www.fb.zone"
2023/10/28 17:51:42 [error] 2667056#0: *13516723 open() "/www/wwwroot/fb.zone/public/.well-known/security.txt" failed (2: No such file or directory), client: 172.70.147.27, server: fb.zone, request: "GET /.well-known/security.txt HTTP/2.0", host: "fb.zone"
2023/10/28 17:51:52 [error] 2667056#0: *13516734 open() "/www/wwwroot/fb.zone/public/.well-known/security.txt" failed (2: No such file or directory), client: 162.158.163.117, server: fb.zone, request: "GET /.well-known/security.txt HTTP/2.0", host: "www.fb.zone"
2023/10/28 17:52:03 [error] 2667056#0: *13516751 open() "/www/wwwroot/fb.zone/public/.well-known/trust.txt" failed (2: No such file or directory), client: 162.158.189.235, server: fb.zone, request: "GET /.well-known/trust.txt HTTP/2.0", host: "fb.zone"
2023/10/28 17:52:13 [error] 2667056#0: *13516760 open() "/www/wwwroot/fb.zone/public/.well-known/trust.txt" failed (2: No such file or directory), client: 172.70.188.85, server: fb.zone, request: "GET /.well-known/trust.txt HTTP/2.0", host: "www.fb.zone"
2023/10/28 22:50:06 [error] 2667056#0: *13586808 open() "/www/wwwroot/fb.zone/public/.well-known/ALFA_DATA" failed (2: No such file or directory), client: 172.70.251.168, server: fb.zone, request: "GET /.well-known/ALFA_DATA HTTP/2.0", host: "fb.zone", referrer: "www.bing.com"
2023/10/28 22:50:07 [error] 2667056#0: *13586809 open() "/www/wwwroot/fb.zone/public/.well-known/alfacgiapi" failed (2: No such file or directory), client: 172.71.99.115, server: fb.zone, request: "GET /.well-known/alfacgiapi HTTP/2.0", host: "fb.zone", referrer: "www.bing.com"
2023/10/28 22:50:08 [error] 2667056#0: *13586810 open() "/www/wwwroot/fb.zone/public/.well-known/cgialfa" failed (2: No such file or directory), client: 172.71.182.66, server: fb.zone, request: "GET /.well-known/cgialfa HTTP/2.0", host: "fb.zone", referrer: "www.bing.com"
2023/10/29 01:59:11 [error] 2667056#0: *13636148 open() "/www/wwwroot/fb.zone/public/.well-known/tdmrep.json" failed (2: No such file or directory), client: 172.70.178.209, server: fb.zone, request: "GET /.well-known/tdmrep.json HTTP/2.0", host: "fb.zone"
2023/10/29 02:00:33 [error] 2667056#0: *13636360 open() "/www/wwwroot/fb.zone/public/.well-known/ai.txt" failed (2: No such file or directory), client: 172.70.100.107, server: fb.zone, request: "GET /.well-known/ai.txt?t=1698541474.249847 HTTP/2.0", host: "fb.zone"
2023/10/29 15:25:48 [error] 2667056#0: *13820916 open() "/www/wwwroot/fb.zone/public/.well-known/traffic-advice" failed (2: No such file or directory), client: 172.71.30.68, server: fb.zone, request: "GET /.well-known/traffic-advice HTTP/2.0", host: "fb.zone"
2023/10/30 03:49:20 [error] 2667056#0: *13987642 FastCGI sent in stderr: "Primary script unknown" while reading response header from upstream, client: 162.158.126.189, server: fb.zone, request: "GET /adminphp.php/configuration.php HTTP/2.0", upstream: "fastcgi://unix:/tmp/php-cgi-82.sock:", host: "www.fb.zone"
2023/10/30 03:49:21 [error] 2667056#0: *13987777 FastCGI sent in stderr: "Primary script unknown" while reading response header from upstream, client: 162.158.126.21, server: fb.zone, request: "GET /adminphp.php/configuration.php HTTP/2.0", upstream: "fastcgi://unix:/tmp/php-cgi-82.sock:", host: "fb.zone"
2023/10/30 20:04:49 [error] 2667056#0: *14309746 open() "/www/wwwroot/fb.zone/public/.well-known/traffic-advice" failed (2: No such file or directory), client: 172.71.130.202, server: fb.zone, request: "GET /.well-known/traffic-advice HTTP/2.0", host: "fb.zone"
2023/10/31 06:22:16 [error] 2667056#0: *14447123 open() "/www/wwwroot/fb.zone/public/.well-known/ai-plugin.json" failed (2: No such file or directory), client: 172.70.38.46, server: fb.zone, request: "GET /.well-known/ai-plugin.json HTTP/2.0", host: "fb.zone"
2023/10/31 06:22:30 [error] 2667056#0: *14447157 open() "/www/wwwroot/fb.zone/public/.well-known/ai-plugin.json" failed (2: No such file or directory), client: 172.70.134.31, server: fb.zone, request: "GET /.well-known/ai-plugin.json HTTP/2.0", host: "fb.zone"
2023/10/31 06:22:39 [error] 2667056#0: *14447169 open() "/www/wwwroot/fb.zone/public/.well-known/ai-plugin.json" failed (2: No such file or directory), client: 172.70.43.66, server: fb.zone, request: "GET /.well-known/ai-plugin.json HTTP/2.0", host: "fb.zone"
2023/11/01 11:46:18 [error] 2667056#0: *14897871 open() "/www/wwwroot/fb.zone/public/.well-known/traffic-advice" failed (2: No such file or directory), client: 162.158.106.139, server: fb.zone, request: "GET /.well-known/traffic-advice HTTP/2.0", host: "fb.zone"
2023/11/01 11:46:18 [error] 2667056#0: *14897873 open() "/www/wwwroot/fb.zone/public/.well-known/traffic-advice" failed (2: No such file or directory), client: 172.70.142.44, server: fb.zone, request: "GET /.well-known/traffic-advice HTTP/2.0", host: "fb.zone"
2023/11/01 20:07:20 [error] 2667056#0: *15039852 open() "/www/wwwroot/fb.zone/public/.well-known/traffic-advice" failed (2: No such file or directory), client: 172.70.178.168, server: fb.zone, request: "GET /.well-known/traffic-advice HTTP/2.0", host: "fb.zone"
2023/11/02 10:16:41 [error] 2667056#0: *15224494 open() "/www/wwwroot/fb.zone/public/.well-known/traffic-advice" failed (2: No such file or directory), client: 162.158.178.35, server: fb.zone, request: "GET /.well-known/traffic-advice HTTP/2.0", host: "fb.zone"
2023/11/02 22:32:09 [error] 2667056#0: *15431505 FastCGI sent in stderr: "Primary script unknown" while reading response header from upstream, client: 172.71.98.50, server: fb.zone, request: "GET /api/index.php/v1/config/application?public=true HTTP/2.0", upstream: "fastcgi://unix:/tmp/php-cgi-82.sock:", host: "fb.zone"
2023/11/03 08:20:44 [error] 2667056#0: *15533581 "/www/wwwroot/fb.zone/public/.well-known/index.php" is not found (2: No such file or directory), client: 172.71.102.51, server: fb.zone, request: "GET /.well-known/ HTTP/2.0", host: "fb.zone"
2023/11/04 06:55:56 [error] 2667056#0: *15820193 open() "/www/wwwroot/fb.zone/public/.well-known/ai-plugin.json" failed (2: No such file or directory), client: 172.71.223.134, server: fb.zone, request: "GET /.well-known/ai-plugin.json HTTP/2.0", host: "fb.zone"
2023/11/04 17:58:25 [error] 2667056#0: *15931583 open() "/www/wwwroot/fb.zone/public/.well-known/apple-app-site-association" failed (2: No such file or directory), client: 172.70.143.61, server: fb.zone, request: "GET /.well-known/apple-app-site-association HTTP/2.0", host: "fb.zone"
2023/11/04 17:58:35 [error] 2667056#0: *15931597 open() "/www/wwwroot/fb.zone/public/.well-known/apple-app-site-association" failed (2: No such file or directory), client: 172.70.142.112, server: fb.zone, request: "GET /.well-known/apple-app-site-association HTTP/2.0", host: "www.fb.zone"
2023/11/04 17:58:45 [error] 2667056#0: *15931622 open() "/www/wwwroot/fb.zone/public/.well-known/assetlinks.json" failed (2: No such file or directory), client: 162.158.107.34, server: fb.zone, request: "GET /.well-known/assetlinks.json HTTP/2.0", host: "fb.zone"
2023/11/04 17:58:50 [error] 2667056#0: *15931623 open() "/www/wwwroot/fb.zone/public/.well-known/assetlinks.json" failed (2: No such file or directory), client: 108.162.227.129, server: fb.zone, request: "GET /.well-known/assetlinks.json HTTP/2.0", host: "www.fb.zone"
