2023/09/30 17:43:40 [error] 3062494#0: *4539831 open() "/www/wwwroot/fb.zone/public/.well-known/openid-configuration" failed (2: No such file or directory), client: 162.158.162.203, server: fb.zone, request: "GET /.well-known/openid-configuration HTTP/2.0", host: "www.fb.zone"
2023/09/30 17:43:45 [error] 3062494#0: *4539835 open() "/www/wwwroot/fb.zone/public/.well-known/security.txt" failed (2: No such file or directory), client: 162.158.163.175, server: fb.zone, request: "GET /.well-known/security.txt HTTP/2.0", host: "fb.zone"
2023/09/30 17:43:55 [error] 3062494#0: *4539846 open() "/www/wwwroot/fb.zone/public/.well-known/security.txt" failed (2: No such file or directory), client: 172.70.189.70, server: fb.zone, request: "GET /.well-known/security.txt HTTP/2.0", host: "www.fb.zone"
2023/09/30 17:44:05 [error] 3062494#0: *4539864 open() "/www/wwwroot/fb.zone/public/.well-known/trust.txt" failed (2: No such file or directory), client: 172.70.92.145, server: fb.zone, request: "GET /.well-known/trust.txt HTTP/2.0", host: "fb.zone"
2023/09/30 17:44:15 [error] 3062494#0: *4539867 open() "/www/wwwroot/fb.zone/public/.well-known/trust.txt" failed (2: No such file or directory), client: 162.158.170.153, server: fb.zone, request: "GET /.well-known/trust.txt HTTP/2.0", host: "www.fb.zone"
2023/10/01 01:55:04 [error] 3062494#0: *4615778 open() "/www/wwwroot/fb.zone/public/.well-known/tdmrep.json" failed (2: No such file or directory), client: 172.69.58.166, server: fb.zone, request: "GET /.well-known/tdmrep.json HTTP/2.0", host: "fb.zone"
2023/10/01 01:56:26 [error] 3062494#0: *4615994 open() "/www/wwwroot/fb.zone/public/.well-known/ai.txt" failed (2: No such file or directory), client: 108.162.216.102, server: fb.zone, request: "GET /.well-known/ai.txt?t=1696122268.131076 HTTP/2.0", host: "fb.zone"
2023/10/03 13:43:36 [error] 3062494#0: *5485809 open() "/www/wwwroot/fb.zone/public/.well-known/ai-plugin.json" failed (2: No such file or directory), client: 172.70.175.75, server: fb.zone, request: "GET /.well-known/ai-plugin.json HTTP/2.0", host: "fb.zone"
2023/10/03 13:43:53 [error] 3062494#0: *5485881 open() "/www/wwwroot/fb.zone/public/.well-known/ai-plugin.json" failed (2: No such file or directory), client: 172.70.134.30, server: fb.zone, request: "GET /.well-known/ai-plugin.json HTTP/2.0", host: "fb.zone"
2023/10/03 21:28:58 [error] 3062494#0: *5602041 open() "/www/wwwroot/fb.zone/public/.well-known/traffic-advice" failed (2: No such file or directory), client: 172.70.130.128, server: fb.zone, request: "GET /.well-known/traffic-advice HTTP/2.0", host: "fb.zone"
2023/10/04 10:16:13 [error] 3062494#0: *5795124 open() "/www/wwwroot/fb.zone/public/.well-known/traffic-advice" failed (2: No such file or directory), client: 172.70.92.161, server: fb.zone, request: "GET /.well-known/traffic-advice HTTP/2.0", host: "fb.zone"
2023/10/05 05:34:43 [error] 3062494#0: *6094188 open() "/www/wwwroot/fb.zone/public/.well-known/security.txt" failed (2: No such file or directory), client: 172.70.114.236, server: fb.zone, request: "GET /.well-known/security.txt HTTP/2.0", host: "fb.zone"
2023/10/05 05:34:44 [error] 3062494#0: *6094237 open() "/www/wwwroot/fb.zone/public/.well-known/security.txt" failed (2: No such file or directory), client: 162.158.159.222, server: fb.zone, request: "GET /.well-known/security.txt HTTP/2.0", host: "fb.zone", referrer: "http://fb.zone/.well-known/security.txt"
2023/10/06 20:53:05 [error] 3062494#0: *6684673 open() "/www/wwwroot/fb.zone/public/.well-known.zip" failed (2: No such file or directory), client: 172.71.214.108, server: fb.zone, request: "GET /.well-known.zip HTTP/2.0", host: "fb.zone"
2023/10/06 20:53:06 [error] 3062494#0: *6684676 open() "/www/wwwroot/fb.zone/public/.well-known.rar" failed (2: No such file or directory), client: 162.158.163.31, server: fb.zone, request: "GET /.well-known.rar HTTP/2.0", host: "fb.zone"
2023/10/06 20:53:06 [error] 3062494#0: *6684677 open() "/www/wwwroot/fb.zone/public/.well-known.tar" failed (2: No such file or directory), client: 162.158.162.205, server: fb.zone, request: "GET /.well-known.tar HTTP/2.0", host: "fb.zone"
2023/10/06 20:53:07 [error] 3062494#0: *6684678 open() "/www/wwwroot/fb.zone/public/.well-known.tar.gz" failed (2: No such file or directory), client: 172.71.218.16, server: fb.zone, request: "GET /.well-known.tar.gz HTTP/2.0", host: "fb.zone"
2023/10/06 20:53:08 [error] 3062494#0: *6684679 open() "/www/wwwroot/fb.zone/public/.well-known.tgz" failed (2: No such file or directory), client: 172.70.147.64, server: fb.zone, request: "GET /.well-known.tgz HTTP/2.0", host: "fb.zone"
2023/10/06 20:53:09 [error] 3062494#0: *6684682 open() "/www/wwwroot/fb.zone/public/.well-known.gz" failed (2: No such file or directory), client: 172.71.218.177, server: fb.zone, request: "GET /.well-known.gz HTTP/2.0", host: "fb.zone"
2023/10/07 10:00:44 [error] 3062494#0: *6804337 open() "/www/wwwroot/fb.zone/public/.well-known/traffic-advice" failed (2: No such file or directory), client: 108.162.226.96, server: fb.zone, request: "GET /.well-known/traffic-advice HTTP/2.0", host: "fb.zone"
2023/10/07 11:49:19 [error] 3062494#0: *6823118 open() "/www/wwwroot/fb.zone/public/.well-known/ai-plugin.json" failed (2: No such file or directory), client: 172.70.134.30, server: fb.zone, request: "GET /.well-known/ai-plugin.json HTTP/2.0", host: "fb.zone"
2023/10/07 11:49:52 [error] 3062494#0: *6823192 open() "/www/wwwroot/fb.zone/public/.well-known/ai-plugin.json" failed (2: No such file or directory), client: 172.70.175.75, server: fb.zone, request: "GET /.well-known/ai-plugin.json HTTP/2.0", host: "fb.zone"
2023/10/07 17:43:10 [error] 3062494#0: *6885613 open() "/www/wwwroot/fb.zone/public/.well-known/apple-app-site-association" failed (2: No such file or directory), client: 172.70.147.131, server: fb.zone, request: "GET /.well-known/apple-app-site-association HTTP/2.0", host: "fb.zone"
2023/10/07 17:43:20 [error] 3062494#0: *6885625 open() "/www/wwwroot/fb.zone/public/.well-known/apple-app-site-association" failed (2: No such file or directory), client: 172.70.142.78, server: fb.zone, request: "GET /.well-known/apple-app-site-association HTTP/2.0", host: "www.fb.zone"
2023/10/07 17:43:30 [error] 3062494#0: *6885630 open() "/www/wwwroot/fb.zone/public/.well-known/assetlinks.json" failed (2: No such file or directory), client: 172.70.189.94, server: fb.zone, request: "GET /.well-known/assetlinks.json HTTP/2.0", host: "fb.zone"
2023/10/07 17:43:35 [error] 3062494#0: *6885653 open() "/www/wwwroot/fb.zone/public/.well-known/assetlinks.json" failed (2: No such file or directory), client: 108.162.226.215, server: fb.zone, request: "GET /.well-known/assetlinks.json HTTP/2.0", host: "www.fb.zone"
2023/10/07 17:43:40 [error] 3062494#0: *6885659 open() "/www/wwwroot/fb.zone/public/.well-known/gpc.json" failed (2: No such file or directory), client: 172.70.92.164, server: fb.zone, request: "GET /.well-known/gpc.json HTTP/2.0", host: "fb.zone"
2023/10/07 17:43:45 [error] 3062494#0: *6885664 open() "/www/wwwroot/fb.zone/public/.well-known/gpc.json" failed (2: No such file or directory), client: 162.158.106.73, server: fb.zone, request: "GET /.well-known/gpc.json HTTP/2.0", host: "www.fb.zone"
2023/10/07 17:43:50 [error] 3062494#0: *6885670 open() "/www/wwwroot/fb.zone/public/.well-known/nodeinfo" failed (2: No such file or directory), client: 162.158.190.87, server: fb.zone, request: "GET /.well-known/nodeinfo HTTP/2.0", host: "fb.zone"
2023/10/07 17:43:55 [error] 3062494#0: *6885676 open() "/www/wwwroot/fb.zone/public/.well-known/nodeinfo" failed (2: No such file or directory), client: 162.158.162.69, server: fb.zone, request: "GET /.well-known/nodeinfo HTTP/2.0", host: "www.fb.zone"
2023/10/07 17:44:00 [error] 3062494#0: *6885683 open() "/www/wwwroot/fb.zone/public/.well-known/openid-configuration" failed (2: No such file or directory), client: 108.162.226.74, server: fb.zone, request: "GET /.well-known/openid-configuration HTTP/2.0", host: "fb.zone"
2023/10/07 17:44:05 [error] 3062494#0: *6885703 open() "/www/wwwroot/fb.zone/public/.well-known/openid-configuration" failed (2: No such file or directory), client: 172.70.92.185, server: fb.zone, request: "GET /.well-known/openid-configuration HTTP/2.0", host: "www.fb.zone"
2023/10/07 17:44:10 [error] 3062494#0: *6885712 open() "/www/wwwroot/fb.zone/public/.well-known/security.txt" failed (2: No such file or directory), client: 162.158.189.86, server: fb.zone, request: "GET /.well-known/security.txt HTTP/2.0", host: "fb.zone"
2023/10/07 17:44:20 [error] 3062494#0: *6885723 open() "/www/wwwroot/fb.zone/public/.well-known/security.txt" failed (2: No such file or directory), client: 172.70.189.91, server: fb.zone, request: "GET /.well-known/security.txt HTTP/2.0", host: "www.fb.zone"
2023/10/07 17:44:30 [error] 3062494#0: *6885732 open() "/www/wwwroot/fb.zone/public/.well-known/trust.txt" failed (2: No such file or directory), client: 172.70.92.145, server: fb.zone, request: "GET /.well-known/trust.txt HTTP/2.0", host: "fb.zone"
2023/10/07 17:44:40 [error] 3062494#0: *6885748 open() "/www/wwwroot/fb.zone/public/.well-known/trust.txt" failed (2: No such file or directory), client: 172.70.147.126, server: fb.zone, request: "GET /.well-known/trust.txt HTTP/2.0", host: "www.fb.zone"
2023/10/07 17:57:39 [error] 3062494#0: *6889169 open() "/www/wwwroot/fb.zone/public/.well-known/traffic-advice" failed (2: No such file or directory), client: 172.70.188.64, server: fb.zone, request: "GET /.well-known/traffic-advice HTTP/2.0", host: "fb.zone"
2023/10/07 23:18:03 [error] 3062494#0: *6940656 open() "/www/wwwroot/fb.zone/public/.well-known/traffic-advice" failed (2: No such file or directory), client: 172.70.142.44, server: fb.zone, request: "GET /.well-known/traffic-advice HTTP/2.0", host: "fb.zone"
2023/10/08 01:40:50 [error] 3062494#0: *6963050 open() "/www/wwwroot/fb.zone/public/.well-known/traffic-advice" failed (2: No such file or directory), client: 172.70.188.64, server: fb.zone, request: "GET /.well-known/traffic-advice HTTP/2.0", host: "fb.zone"
2023/10/08 01:40:51 [error] 3062494#0: *6963051 open() "/www/wwwroot/fb.zone/public/.well-known/traffic-advice" failed (2: No such file or directory), client: 172.70.142.45, server: fb.zone, request: "GET /.well-known/traffic-advice HTTP/2.0", host: "fb.zone"
2023/10/08 01:51:57 [error] 3062494#0: *6965063 open() "/www/wwwroot/fb.zone/public/.well-known/tdmrep.json" failed (2: No such file or directory), client: 172.71.254.249, server: fb.zone, request: "GET /.well-known/tdmrep.json HTTP/2.0", host: "fb.zone"
2023/10/08 01:53:20 [error] 3062494#0: *6965158 open() "/www/wwwroot/fb.zone/public/.well-known/ai.txt" failed (2: No such file or directory), client: 172.71.255.28, server: fb.zone, request: "GET /.well-known/ai.txt?t=1696727070.139655 HTTP/2.0", host: "fb.zone"
2023/10/10 10:05:23 [error] 3062494#0: *7631395 open() "/www/wwwroot/fb.zone/public/.well-known/traffic-advice" failed (2: No such file or directory), client: 172.71.103.142, server: fb.zone, request: "GET /.well-known/traffic-advice HTTP/2.0", host: "fb.zone"
2023/10/11 09:23:08 [error] 3062494#0: *7957817 open() "/www/wwwroot/fb.zone/public/.well-known/ai-plugin.json" failed (2: No such file or directory), client: 172.70.34.168, server: fb.zone, request: "GET /.well-known/ai-plugin.json HTTP/2.0", host: "fb.zone"
2023/10/11 09:23:33 [error] 3062494#0: *7957920 open() "/www/wwwroot/fb.zone/public/.well-known/ai-plugin.json" failed (2: No such file or directory), client: 172.70.38.46, server: fb.zone, request: "GET /.well-known/ai-plugin.json HTTP/2.0", host: "fb.zone"
2023/10/12 11:12:48 [error] 3062494#0: *8295986 open() "/www/wwwroot/fb.zone/public/.well-known/traffic-advice" failed (2: No such file or directory), client: 108.162.226.96, server: fb.zone, request: "GET /.well-known/traffic-advice HTTP/2.0", host: "fb.zone"
2023/10/12 12:02:46 [error] 3062494#0: *8313473 "/www/wwwroot/fb.zone/public/.well-known/index.php" is not found (2: No such file or directory), client: 172.71.102.51, server: fb.zone, request: "GET /.well-known/ HTTP/2.0", host: "fb.zone"
2023/10/12 12:02:47 [error] 3062494#0: *8313475 "/www/wwwroot/fb.zone/public/.well-known/acme-challenge/index.php" is not found (2: No such file or directory), client: 172.71.98.60, server: fb.zone, request: "GET /.well-known/acme-challenge/ HTTP/2.0", host: "fb.zone"
2023/10/12 14:02:49 [error] 3062494#0: *8351439 open() "/www/wwwroot/fb.zone/public/.well-known/security.txt" failed (2: No such file or directory), client: 172.69.70.119, server: fb.zone, request: "GET /.well-known/security.txt HTTP/2.0", host: "fb.zone"
2023/10/13 02:37:37 [error] 3062494#0: *8487999 open() "/www/wwwroot/fb.zone/public/.well-known/traffic-advice" failed (2: No such file or directory), client: 162.158.162.197, server: fb.zone, request: "GET /.well-known/traffic-advice HTTP/2.0", host: "fb.zone"
2023/10/13 07:45:34 [error] 3062494#0: *8545544 open() "/www/wwwroot/fb.zone/public/.well-known/traffic-advice" failed (2: No such file or directory), client: 162.158.189.221, server: fb.zone, request: "GET /.well-known/traffic-advice HTTP/2.0", host: "fb.zone"
2023/10/13 14:03:16 [error] 3062494#0: *8666126 open() "/www/wwwroot/fb.zone/public/.well-known/apple-app-site-association" failed (2: No such file or directory), client: 172.70.207.178, server: fb.zone, request: "GET /.well-known/apple-app-site-association HTTP/2.0", host: "fb.zone", referrer: "https://fb.zone/"
2023/10/13 14:03:16 [error] 3062494#0: *8666275 open() "/www/wwwroot/fb.zone/public/.well-known/assetlinks.json" failed (2: No such file or directory), client: 172.70.207.96, server: fb.zone, request: "GET /.well-known/assetlinks.json HTTP/2.0", host: "fb.zone", referrer: "https://fb.zone/"
2023/10/13 14:03:23 [error] 3062494#0: *8666137 open() "/www/wwwroot/fb.zone/public/.well-known/gpc.json" failed (2: No such file or directory), client: 172.70.207.154, server: fb.zone, request: "GET /.well-known/gpc.json HTTP/2.0", host: "fb.zone", referrer: "https://fb.zone/"
2023/10/13 14:03:23 [error] 3062494#0: *8666293 open() "/www/wwwroot/fb.zone/public/.well-known/security.txt" failed (2: No such file or directory), client: 172.70.207.69, server: fb.zone, request: "GET /.well-known/security.txt HTTP/2.0", host: "fb.zone", referrer: "https://fb.zone/"
2023/10/13 14:03:23 [error] 3062496#0: *8666294 open() "/www/wwwroot/fb.zone/public/.well-known/change-password" failed (2: No such file or directory), client: 172.70.207.74, server: fb.zone, request: "GET /.well-known/change-password HTTP/2.0", host: "fb.zone", referrer: "https://fb.zone/"
2023/10/13 14:03:23 [error] 3062494#0: *8666295 "/www/wwwroot/fb.zone/public/.well-known/resource-that-should-not-exist-whose-status-code-should-not-be-200/index.php" is not found (2: No such file or directory), client: 172.70.207.39, server: fb.zone, request: "GET /.well-known/resource-that-should-not-exist-whose-status-code-should-not-be-200/ HTTP/2.0", host: "fb.zone", referrer: "https://fb.zone/"
2023/10/14 07:32:23 [error] 3062494#0: *8826344 "/www/wwwroot/fb.zone/public/.well-known/index.php" is not found (2: No such file or directory), client: 172.70.46.50, server: fb.zone, request: "GET /.well-known/ HTTP/2.0", host: "fb.zone"
2023/10/14 11:30:56 [error] 3062494#0: *8860906 open() "/www/wwwroot/fb.zone/public/.well-known/traffic-advice" failed (2: No such file or directory), client: 162.158.106.139, server: fb.zone, request: "GET /.well-known/traffic-advice HTTP/2.0", host: "fb.zone"
2023/10/14 13:45:19 [error] 3062494#0: *8886232 open() "/www/wwwroot/fb.zone/public/.well-known/traffic-advice" failed (2: No such file or directory), client: 162.158.162.197, server: fb.zone, request: "GET /.well-known/traffic-advice HTTP/2.0", host: "fb.zone"
2023/10/14 17:48:59 [error] 3062494#0: *8921267 open() "/www/wwwroot/fb.zone/public/.well-known/apple-app-site-association" failed (2: No such file or directory), client: 162.158.189.44, server: fb.zone, request: "GET /.well-known/apple-app-site-association HTTP/2.0", host: "fb.zone"
2023/10/14 17:49:09 [error] 3062494#0: *8921289 open() "/www/wwwroot/fb.zone/public/.well-known/apple-app-site-association" failed (2: No such file or directory), client: 172.70.142.231, server: fb.zone, request: "GET /.well-known/apple-app-site-association HTTP/2.0", host: "www.fb.zone"
2023/10/14 17:49:19 [error] 3062494#0: *8921309 open() "/www/wwwroot/fb.zone/public/.well-known/assetlinks.json" failed (2: No such file or directory), client: 172.70.147.189, server: fb.zone, request: "GET /.well-known/assetlinks.json HTTP/2.0", host: "fb.zone"
2023/10/14 17:49:24 [error] 3062494#0: *8921320 open() "/www/wwwroot/fb.zone/public/.well-known/assetlinks.json" failed (2: No such file or directory), client: 172.70.189.139, server: fb.zone, request: "GET /.well-known/assetlinks.json HTTP/2.0", host: "www.fb.zone"
2023/10/14 17:49:29 [error] 3062494#0: *8921323 open() "/www/wwwroot/fb.zone/public/.well-known/gpc.json" failed (2: No such file or directory), client: 108.162.227.85, server: fb.zone, request: "GET /.well-known/gpc.json HTTP/2.0", host: "fb.zone"
2023/10/14 17:49:34 [error] 3062494#0: *8921326 open() "/www/wwwroot/fb.zone/public/.well-known/gpc.json" failed (2: No such file or directory), client: 162.158.106.39, server: fb.zone, request: "GET /.well-known/gpc.json HTTP/2.0", host: "www.fb.zone"
2023/10/14 17:49:39 [error] 3062494#0: *8921329 open() "/www/wwwroot/fb.zone/public/.well-known/nodeinfo" failed (2: No such file or directory), client: 172.69.166.84, server: fb.zone, request: "GET /.well-known/nodeinfo HTTP/2.0", host: "fb.zone"
2023/10/14 17:49:44 [error] 3062494#0: *8921330 open() "/www/wwwroot/fb.zone/public/.well-known/nodeinfo" failed (2: No such file or directory), client: 162.158.170.181, server: fb.zone, request: "GET /.well-known/nodeinfo HTTP/2.0", host: "www.fb.zone"
2023/10/14 17:49:49 [error] 3062494#0: *8921335 open() "/www/wwwroot/fb.zone/public/.well-known/openid-configuration" failed (2: No such file or directory), client: 172.70.147.171, server: fb.zone, request: "GET /.well-known/openid-configuration HTTP/2.0", host: "fb.zone"
2023/10/14 17:49:54 [error] 3062494#0: *8921339 open() "/www/wwwroot/fb.zone/public/.well-known/openid-configuration" failed (2: No such file or directory), client: 162.158.163.113, server: fb.zone, request: "GET /.well-known/openid-configuration HTTP/2.0", host: "www.fb.zone"
2023/10/14 17:49:59 [error] 3062494#0: *8921345 open() "/www/wwwroot/fb.zone/public/.well-known/security.txt" failed (2: No such file or directory), client: 172.70.142.22, server: fb.zone, request: "GET /.well-known/security.txt HTTP/2.0", host: "fb.zone"
2023/10/14 17:50:09 [error] 3062494#0: *8921365 open() "/www/wwwroot/fb.zone/public/.well-known/security.txt" failed (2: No such file or directory), client: 162.158.163.120, server: fb.zone, request: "GET /.well-known/security.txt HTTP/2.0", host: "www.fb.zone"
2023/10/14 17:50:19 [error] 3062494#0: *8921380 open() "/www/wwwroot/fb.zone/public/.well-known/trust.txt" failed (2: No such file or directory), client: 162.158.162.3, server: fb.zone, request: "GET /.well-known/trust.txt HTTP/2.0", host: "fb.zone"
2023/10/14 17:50:29 [error] 3062494#0: *8921388 open() "/www/wwwroot/fb.zone/public/.well-known/trust.txt" failed (2: No such file or directory), client: 172.70.92.216, server: fb.zone, request: "GET /.well-known/trust.txt HTTP/2.0", host: "www.fb.zone"
2023/10/15 01:55:17 [error] 3062494#0: *8991167 open() "/www/wwwroot/fb.zone/public/.well-known/tdmrep.json" failed (2: No such file or directory), client: 172.70.131.212, server: fb.zone, request: "GET /.well-known/tdmrep.json HTTP/2.0", host: "fb.zone"
2023/10/15 01:56:41 [error] 3062494#0: *8991267 open() "/www/wwwroot/fb.zone/public/.well-known/ai.txt" failed (2: No such file or directory), client: 172.70.130.227, server: fb.zone, request: "GET /.well-known/ai.txt?t=1697331873.327729 HTTP/2.0", host: "fb.zone"
2023/10/15 02:21:52 [error] 3062494#0: *8995239 open() "/www/wwwroot/fb.zone/public/.well-known/traffic-advice" failed (2: No such file or directory), client: 172.70.92.160, server: fb.zone, request: "GET /.well-known/traffic-advice HTTP/2.0", host: "fb.zone"
2023/10/15 08:44:32 [error] 3062494#0: *9049932 open() "/www/wwwroot/fb.zone/public/.well-known/ai-plugin.json" failed (2: No such file or directory), client: 172.70.175.75, server: fb.zone, request: "GET /.well-known/ai-plugin.json HTTP/2.0", host: "fb.zone"
2023/10/16 20:45:38 [error] 3062494#0: *9527694 open() "/www/wwwroot/fb.zone/public/.well-known/apple-app-site-association" failed (2: No such file or directory), client: 172.69.33.42, server: fb.zone, request: "GET /.well-known/apple-app-site-association HTTP/2.0", host: "fb.zone", referrer: "https://fb.zone/howto"
2023/10/16 20:45:38 [error] 3062496#0: *9527695 open() "/www/wwwroot/fb.zone/public/.well-known/assetlinks.json" failed (2: No such file or directory), client: 172.69.34.81, server: fb.zone, request: "GET /.well-known/assetlinks.json HTTP/2.0", host: "fb.zone", referrer: "https://fb.zone/howto"
2023/10/16 20:45:44 [error] 3062494#0: *9527702 open() "/www/wwwroot/fb.zone/public/.well-known/gpc.json" failed (2: No such file or directory), client: 172.69.33.203, server: fb.zone, request: "GET /.well-known/gpc.json HTTP/2.0", host: "fb.zone", referrer: "https://fb.zone/howto"
2023/10/16 20:45:44 [error] 3062494#0: *9527703 "/www/wwwroot/fb.zone/public/.well-known/resource-that-should-not-exist-whose-status-code-should-not-be-200/index.php" is not found (2: No such file or directory), client: 172.69.34.20, server: fb.zone, request: "GET /.well-known/resource-that-should-not-exist-whose-status-code-should-not-be-200/ HTTP/2.0", host: "fb.zone", referrer: "https://fb.zone/howto"
2023/10/16 20:45:44 [error] 3062496#0: *9527705 open() "/www/wwwroot/fb.zone/public/.well-known/change-password" failed (2: No such file or directory), client: 172.69.33.72, server: fb.zone, request: "GET /.well-known/change-password HTTP/2.0", host: "fb.zone", referrer: "https://fb.zone/howto"
2023/10/16 20:45:44 [error] 3062494#0: *9527704 open() "/www/wwwroot/fb.zone/public/.well-known/security.txt" failed (2: No such file or directory), client: 172.69.34.35, server: fb.zone, request: "GET /.well-known/security.txt HTTP/2.0", host: "fb.zone", referrer: "https://fb.zone/howto"
2023/10/18 02:03:02 [error] 3062494#0: *9922818 open() "/www/wwwroot/fb.zone/public/.well-known/security.txt" failed (2: No such file or directory), client: 162.158.62.233, server: fb.zone, request: "GET /.well-known/security.txt HTTP/2.0", host: "fb.zone"
2023/10/18 02:03:03 [error] 3062494#0: *9922828 open() "/www/wwwroot/fb.zone/public/.well-known/security.txt" failed (2: No such file or directory), client: 172.70.114.236, server: fb.zone, request: "GET /.well-known/security.txt HTTP/2.0", host: "fb.zone", referrer: "http://fb.zone/.well-known/security.txt"
2023/10/18 11:25:32 [error] 3062494#0: *10063255 open() "/www/wwwroot/fb.zone/public/.well-known/traffic-advice" failed (2: No such file or directory), client: 172.71.26.50, server: fb.zone, request: "GET /.well-known/traffic-advice HTTP/2.0", host: "fb.zone"
2023/10/18 22:21:53 [error] 3062494#0: *10233907 FastCGI sent in stderr: "PHP message: PHP Fatal error:  Allowed memory size of 134217728 bytes exhausted (tried to allocate 63489024 bytes) in /www/wwwroot/fb.zone/vendor/buglinjo/laravel-webp/src/PhpGD.php on line 49" while reading response header from upstream, client: 172.70.83.63, server: fb.zone, request: "POST /themes/create HTTP/2.0", upstream: "fastcgi://unix:/tmp/php-cgi-82.sock:", host: "fb.zone"
2023/10/18 22:22:40 [error] 3062494#0: *10233995 FastCGI sent in stderr: "PHP message: PHP Fatal error:  Allowed memory size of 134217728 bytes exhausted (tried to allocate 63489024 bytes) in /www/wwwroot/fb.zone/vendor/buglinjo/laravel-webp/src/PhpGD.php on line 49" while reading response header from upstream, client: 172.70.82.65, server: fb.zone, request: "POST /themes/create HTTP/2.0", upstream: "fastcgi://unix:/tmp/php-cgi-82.sock:", host: "fb.zone"
2023/10/18 22:32:17 [error] 3062494#0: *10235273 FastCGI sent in stderr: "PHP message: PHP Fatal error:  Allowed memory size of 134217728 bytes exhausted (tried to allocate 63489024 bytes) in /www/wwwroot/fb.zone/vendor/buglinjo/laravel-webp/src/PhpGD.php on line 49" while reading response header from upstream, client: 172.70.254.220, server: fb.zone, request: "POST /themes/create HTTP/2.0", upstream: "fastcgi://unix:/tmp/php-cgi-82.sock:", host: "fb.zone"
2023/10/19 07:56:55 [error] 2667056#0: *10352140 FastCGI sent in stderr: "Primary script unknown" while reading response header from upstream, client: 162.158.154.106, server: fb.zone, request: "GET /app_dev.php/_profiler/open?file=app/config/parameters.yml HTTP/2.0", upstream: "fastcgi://unix:/tmp/php-cgi-82.sock:", host: "fb.zone"
2023/10/19 07:56:56 [error] 2667056#0: *10352148 FastCGI sent in stderr: "Primary script unknown" while reading response header from upstream, client: 162.158.154.245, server: fb.zone, request: "GET /frontend_dev.php/$ HTTP/2.0", upstream: "fastcgi://unix:/tmp/php-cgi-82.sock:", host: "fb.zone"
2023/10/19 09:17:17 [error] 2667056#0: *10377014 open() "/www/wwwroot/fb.zone/public/.well-known/ai-plugin.json" failed (2: No such file or directory), client: 172.70.175.75, server: fb.zone, request: "GET /.well-known/ai-plugin.json HTTP/2.0", host: "fb.zone"
2023/10/19 10:17:39 [error] 2667056#0: *10400736 open() "/www/wwwroot/fb.zone/public/.well-known/traffic-advice" failed (2: No such file or directory), client: 162.158.171.6, server: fb.zone, request: "GET /.well-known/traffic-advice HTTP/2.0", host: "fb.zone"
2023/10/21 05:03:40 [error] 2667056#0: *11037718 open() "/www/wwwroot/fb.zone/public/.well-known/security.txt" failed (2: No such file or directory), client: 108.162.242.65, server: fb.zone, request: "GET /.well-known/security.txt HTTP/2.0", host: "www.fb.zone", referrer: "http://www.fb.zone/.well-known/security.txt"
2023/10/21 05:21:05 [error] 2667056#0: *11040086 open() "/www/wwwroot/fb.zone/public/.well-known/traffic-advice" failed (2: No such file or directory), client: 162.158.162.197, server: fb.zone, request: "GET /.well-known/traffic-advice HTTP/2.0", host: "fb.zone"
2023/10/21 11:49:39 [error] 2667056#0: *11132882 open() "/www/wwwroot/fb.zone/public/.well-known/traffic-advice" failed (2: No such file or directory), client: 172.71.98.215, server: fb.zone, request: "GET /.well-known/traffic-advice HTTP/2.0", host: "fb.zone"
2023/10/21 17:49:14 [error] 2667056#0: *11203506 open() "/www/wwwroot/fb.zone/public/.well-known/apple-app-site-association" failed (2: No such file or directory), client: 162.158.170.106, server: fb.zone, request: "GET /.well-known/apple-app-site-association HTTP/2.0", host: "fb.zone"
2023/10/21 17:49:24 [error] 2667056#0: *11203518 open() "/www/wwwroot/fb.zone/public/.well-known/apple-app-site-association" failed (2: No such file or directory), client: 162.158.190.75, server: fb.zone, request: "GET /.well-known/apple-app-site-association HTTP/2.0", host: "www.fb.zone"
2023/10/21 17:49:34 [error] 2667056#0: *11203537 open() "/www/wwwroot/fb.zone/public/.well-known/assetlinks.json" failed (2: No such file or directory), client: 162.158.163.187, server: fb.zone, request: "GET /.well-known/assetlinks.json HTTP/2.0", host: "fb.zone"
2023/10/21 17:49:39 [error] 2667056#0: *11203547 open() "/www/wwwroot/fb.zone/public/.well-known/assetlinks.json" failed (2: No such file or directory), client: 162.158.190.80, server: fb.zone, request: "GET /.well-known/assetlinks.json HTTP/2.0", host: "www.fb.zone"
2023/10/21 17:49:44 [error] 2667056#0: *11203553 open() "/www/wwwroot/fb.zone/public/.well-known/gpc.json" failed (2: No such file or directory), client: 162.158.106.68, server: fb.zone, request: "GET /.well-known/gpc.json HTTP/2.0", host: "fb.zone"
2023/10/21 17:49:50 [error] 2667056#0: *11203559 open() "/www/wwwroot/fb.zone/public/.well-known/gpc.json" failed (2: No such file or directory), client: 162.158.106.251, server: fb.zone, request: "GET /.well-known/gpc.json HTTP/2.0", host: "www.fb.zone"
2023/10/21 17:49:55 [error] 2667056#0: *11203577 open() "/www/wwwroot/fb.zone/public/.well-known/nodeinfo" failed (2: No such file or directory), client: 172.69.166.85, server: fb.zone, request: "GET /.well-known/nodeinfo HTTP/2.0", host: "fb.zone"
2023/10/21 17:49:59 [error] 2667056#0: *11203583 open() "/www/wwwroot/fb.zone/public/.well-known/nodeinfo" failed (2: No such file or directory), client: 162.158.189.189, server: fb.zone, request: "GET /.well-known/nodeinfo HTTP/2.0", host: "www.fb.zone"
2023/10/21 17:50:04 [error] 2667056#0: *11203598 open() "/www/wwwroot/fb.zone/public/.well-known/openid-configuration" failed (2: No such file or directory), client: 172.70.188.112, server: fb.zone, request: "GET /.well-known/openid-configuration HTTP/2.0", host: "fb.zone"
2023/10/21 17:50:10 [error] 2667056#0: *11203605 open() "/www/wwwroot/fb.zone/public/.well-known/openid-configuration" failed (2: No such file or directory), client: 162.158.170.141, server: fb.zone, request: "GET /.well-known/openid-configuration HTTP/2.0", host: "www.fb.zone"
2023/10/21 17:50:15 [error] 2667056#0: *11203607 open() "/www/wwwroot/fb.zone/public/.well-known/security.txt" failed (2: No such file or directory), client: 172.70.188.81, server: fb.zone, request: "GET /.well-known/security.txt HTTP/2.0", host: "fb.zone"
2023/10/21 17:50:25 [error] 2667056#0: *11203618 open() "/www/wwwroot/fb.zone/public/.well-known/security.txt" failed (2: No such file or directory), client: 172.70.142.169, server: fb.zone, request: "GET /.well-known/security.txt HTTP/2.0", host: "www.fb.zone"
2023/10/21 17:50:35 [error] 2667056#0: *11203628 open() "/www/wwwroot/fb.zone/public/.well-known/trust.txt" failed (2: No such file or directory), client: 162.158.106.67, server: fb.zone, request: "GET /.well-known/trust.txt HTTP/2.0", host: "fb.zone"
2023/10/21 17:50:44 [error] 2667056#0: *11203636 open() "/www/wwwroot/fb.zone/public/.well-known/trust.txt" failed (2: No such file or directory), client: 172.70.147.13, server: fb.zone, request: "GET /.well-known/trust.txt HTTP/2.0", host: "www.fb.zone"
2023/10/22 01:57:25 [error] 2667056#0: *11280322 open() "/www/wwwroot/fb.zone/public/.well-known/tdmrep.json" failed (2: No such file or directory), client: 172.70.131.212, server: fb.zone, request: "GET /.well-known/tdmrep.json HTTP/2.0", host: "fb.zone"
2023/10/22 01:58:51 [error] 2667056#0: *11280469 open() "/www/wwwroot/fb.zone/public/.well-known/ai.txt" failed (2: No such file or directory), client: 172.70.100.79, server: fb.zone, request: "GET /.well-known/ai.txt?t=1697936673.034178 HTTP/2.0", host: "fb.zone"
2023/10/22 04:40:02 [error] 2667056#0: *11310016 open() "/www/wwwroot/fb.zone/public/.well-known/traffic-advice" failed (2: No such file or directory), client: 108.162.226.97, server: fb.zone, request: "GET /.well-known/traffic-advice HTTP/2.0", host: "fb.zone"
2023/10/22 08:32:39 [error] 2667056#0: *11360708 open() "/www/wwwroot/fb.zone/public/.well-known/traffic-advice" failed (2: No such file or directory), client: 172.71.26.51, server: fb.zone, request: "GET /.well-known/traffic-advice HTTP/2.0", host: "fb.zone"
2023/10/23 01:52:35 [error] 2667056#0: *11550956 open() "/www/wwwroot/fb.zone/public/.well-known/traffic-advice" failed (2: No such file or directory), client: 172.70.126.44, server: fb.zone, request: "GET /.well-known/traffic-advice HTTP/2.0", host: "fb.zone"
2023/10/23 08:13:28 [error] 2667056#0: *11623788 open() "/www/wwwroot/fb.zone/public/.well-known/ai-plugin.json" failed (2: No such file or directory), client: 172.71.223.133, server: fb.zone, request: "GET /.well-known/ai-plugin.json HTTP/2.0", host: "fb.zone"
2023/10/23 08:13:36 [error] 2667056#0: *11623823 open() "/www/wwwroot/fb.zone/public/.well-known/ai-plugin.json" failed (2: No such file or directory), client: 172.70.43.65, server: fb.zone, request: "GET /.well-known/ai-plugin.json HTTP/2.0", host: "fb.zone"
2023/10/25 16:23:22 [error] 2667056#0: *12482835 directory index of "/www/wwwroot/fb.zone/public/css/" is forbidden, client: 172.71.130.154, server: fb.zone, request: "GET /css/ HTTP/2.0", host: "fb.zone"
2023/10/25 16:23:22 [error] 2667056#0: *12482835 directory index of "/www/wwwroot/fb.zone/public/css/" is forbidden, client: 172.71.130.154, server: fb.zone, request: "GET /css/ HTTP/2.0", host: "fb.zone"
2023/10/25 16:23:23 [error] 2667056#0: *12482848 directory index of "/www/wwwroot/fb.zone/public/js/" is forbidden, client: 172.71.130.76, server: fb.zone, request: "GET /js/ HTTP/2.0", host: "fb.zone"
2023/10/25 16:23:24 [error] 2667056#0: *12482855 directory index of "/www/wwwroot/fb.zone/public/images/" is forbidden, client: 172.71.130.135, server: fb.zone, request: "GET /images/ HTTP/2.0", host: "fb.zone"
2023/10/25 16:23:25 [error] 2667056#0: *12482862 directory index of "/www/wwwroot/fb.zone/public/storage/animals/themes/" is forbidden, client: 172.71.131.35, server: fb.zone, request: "GET /storage/animals/themes/ HTTP/2.0", host: "fb.zone"
2023/10/25 16:23:26 [error] 2667056#0: *12482865 directory index of "/www/wwwroot/fb.zone/public/storage/animals/" is forbidden, client: 172.71.130.209, server: fb.zone, request: "GET /storage/animals/ HTTP/2.0", host: "fb.zone"
2023/10/25 16:23:26 [error] 2667056#0: *12482866 directory index of "/www/wwwroot/fb.zone/public/storage/" is forbidden, client: 172.71.131.162, server: fb.zone, request: "GET /storage/ HTTP/2.0", host: "fb.zone"
2023/10/25 16:23:28 [error] 2667056#0: *12482908 directory index of "/www/wwwroot/fb.zone/public/images/en/howto/" is forbidden, client: 172.71.123.84, server: fb.zone, request: "GET /images/en/howto/ HTTP/2.0", host: "fb.zone"
2023/10/25 16:23:29 [error] 2667056#0: *12482917 directory index of "/www/wwwroot/fb.zone/public/images/en/" is forbidden, client: 172.71.122.84, server: fb.zone, request: "GET /images/en/ HTTP/2.0", host: "fb.zone"
2023/10/25 16:23:29 [error] 2667056#0: *12482925 directory index of "/www/wwwroot/fb.zone/public/images/" is forbidden, client: 172.71.122.194, server: fb.zone, request: "GET /images/ HTTP/2.0", host: "fb.zone"
2023/10/25 16:23:30 [error] 2667056#0: *12482931 directory index of "/www/wwwroot/fb.zone/public/css/" is forbidden, client: 172.71.122.138, server: fb.zone, request: "GET /css/ HTTP/2.0", host: "fb.zone"
2023/10/25 16:23:31 [error] 2667056#0: *12482951 directory index of "/www/wwwroot/fb.zone/public/storage/animals/themes/" is forbidden, client: 172.71.122.2, server: fb.zone, request: "GET /storage/animals/themes/ HTTP/2.0", host: "fb.zone"
2023/10/25 16:23:31 [error] 2667056#0: *12482960 directory index of "/www/wwwroot/fb.zone/public/storage/animals/" is forbidden, client: 172.71.123.88, server: fb.zone, request: "GET /storage/animals/ HTTP/2.0", host: "fb.zone"
2023/10/25 16:23:32 [error] 2667056#0: *12482966 directory index of "/www/wwwroot/fb.zone/public/storage/" is forbidden, client: 172.71.122.188, server: fb.zone, request: "GET /storage/ HTTP/2.0", host: "fb.zone"
2023/10/25 16:23:33 [error] 2667056#0: *12482908 directory index of "/www/wwwroot/fb.zone/public/images/en/howto/" is forbidden, client: 172.71.123.84, server: fb.zone, request: "GET /images/en/howto/ HTTP/2.0", host: "fb.zone"
2023/10/25 16:23:33 [error] 2667056#0: *12482917 directory index of "/www/wwwroot/fb.zone/public/images/en/" is forbidden, client: 172.71.122.84, server: fb.zone, request: "GET /images/en/ HTTP/2.0", host: "fb.zone"
2023/10/25 16:23:33 [error] 2667056#0: *12482925 directory index of "/www/wwwroot/fb.zone/public/images/" is forbidden, client: 172.71.122.194, server: fb.zone, request: "GET /images/ HTTP/2.0", host: "fb.zone"
2023/10/25 16:23:34 [error] 2667056#0: *12482925 directory index of "/www/wwwroot/fb.zone/public/images/" is forbidden, client: 172.71.122.194, server: fb.zone, request: "GET /images/ HTTP/2.0", host: "fb.zone"
2023/10/25 16:23:34 [error] 2667056#0: *12482966 directory index of "/www/wwwroot/fb.zone/public/storage/" is forbidden, client: 172.71.122.188, server: fb.zone, request: "GET /storage/ HTTP/2.0", host: "fb.zone"
2023/10/25 16:23:35 [error] 2667056#0: *12483024 directory index of "/www/wwwroot/fb.zone/public/storage/3d_graphics/themes/" is forbidden, client: 172.71.122.87, server: fb.zone, request: "GET /storage/3d_graphics/themes/ HTTP/2.0", host: "fb.zone"
2023/10/25 16:23:35 [error] 2667056#0: *12483036 directory index of "/www/wwwroot/fb.zone/public/storage/3d_graphics/" is forbidden, client: 172.71.122.169, server: fb.zone, request: "GET /storage/3d_graphics/ HTTP/2.0", host: "fb.zone"
2023/10/25 16:23:35 [error] 2667056#0: *12482966 directory index of "/www/wwwroot/fb.zone/public/storage/" is forbidden, client: 172.71.122.188, server: fb.zone, request: "GET /storage/ HTTP/2.0", host: "fb.zone"
2023/10/25 16:23:37 [error] 2667056#0: *12482908 directory index of "/www/wwwroot/fb.zone/public/images/en/howto/" is forbidden, client: 172.71.123.84, server: fb.zone, request: "GET /images/en/howto/ HTTP/2.0", host: "fb.zone"
2023/10/25 16:23:38 [error] 2667056#0: *12482917 directory index of "/www/wwwroot/fb.zone/public/images/en/" is forbidden, client: 172.71.122.84, server: fb.zone, request: "GET /images/en/ HTTP/2.0", host: "fb.zone"
2023/10/25 16:23:38 [error] 2667056#0: *12482925 directory index of "/www/wwwroot/fb.zone/public/images/" is forbidden, client: 172.71.122.194, server: fb.zone, request: "GET /images/ HTTP/2.0", host: "fb.zone"
2023/10/25 16:23:38 [error] 2667056#0: *12482951 directory index of "/www/wwwroot/fb.zone/public/storage/animals/themes/" is forbidden, client: 172.71.122.2, server: fb.zone, request: "GET /storage/animals/themes/ HTTP/2.0", host: "fb.zone"
2023/10/25 16:23:38 [error] 2667056#0: *12482960 directory index of "/www/wwwroot/fb.zone/public/storage/animals/" is forbidden, client: 172.71.123.88, server: fb.zone, request: "GET /storage/animals/ HTTP/2.0", host: "fb.zone"
2023/10/25 16:23:38 [error] 2667056#0: *12482966 directory index of "/www/wwwroot/fb.zone/public/storage/" is forbidden, client: 172.71.122.188, server: fb.zone, request: "GET /storage/ HTTP/2.0", host: "fb.zone"
2023/10/25 16:23:39 [error] 2667056#0: *12482925 directory index of "/www/wwwroot/fb.zone/public/images/" is forbidden, client: 172.71.122.194, server: fb.zone, request: "GET /images/ HTTP/2.0", host: "fb.zone"
2023/10/25 16:23:40 [error] 2667056#0: *12482966 directory index of "/www/wwwroot/fb.zone/public/storage/" is forbidden, client: 172.71.122.188, server: fb.zone, request: "GET /storage/ HTTP/2.0", host: "fb.zone"
2023/10/25 16:23:43 [error] 2667056#0: *12483129 directory index of "/www/wwwroot/fb.zone/public/storage/airplanes_and_helicopters/themes/" is forbidden, client: 172.71.123.173, server: fb.zone, request: "GET /storage/airplanes_and_helicopters/themes/ HTTP/2.0", host: "fb.zone"
2023/10/25 16:23:43 [error] 2667056#0: *12483132 directory index of "/www/wwwroot/fb.zone/public/storage/airplanes_and_helicopters/" is forbidden, client: 172.71.122.177, server: fb.zone, request: "GET /storage/airplanes_and_helicopters/ HTTP/2.0", host: "fb.zone"
2023/10/25 16:23:43 [error] 2667056#0: *12482966 directory index of "/www/wwwroot/fb.zone/public/storage/" is forbidden, client: 172.71.122.188, server: fb.zone, request: "GET /storage/ HTTP/2.0", host: "fb.zone"
2023/10/25 16:23:44 [error] 2667056#0: *12482908 directory index of "/www/wwwroot/fb.zone/public/images/en/howto/" is forbidden, client: 172.71.123.84, server: fb.zone, request: "GET /images/en/howto/ HTTP/2.0", host: "fb.zone"
2023/10/25 16:23:44 [error] 2667056#0: *12482917 directory index of "/www/wwwroot/fb.zone/public/images/en/" is forbidden, client: 172.71.122.84, server: fb.zone, request: "GET /images/en/ HTTP/2.0", host: "fb.zone"
2023/10/25 16:23:44 [error] 2667056#0: *12482925 directory index of "/www/wwwroot/fb.zone/public/images/" is forbidden, client: 172.71.122.194, server: fb.zone, request: "GET /images/ HTTP/2.0", host: "fb.zone"
2023/10/25 16:23:44 [error] 2667056#0: *12482951 directory index of "/www/wwwroot/fb.zone/public/storage/animals/themes/" is forbidden, client: 172.71.122.2, server: fb.zone, request: "GET /storage/animals/themes/ HTTP/2.0", host: "fb.zone"
2023/10/25 16:23:45 [error] 2667056#0: *12482960 directory index of "/www/wwwroot/fb.zone/public/storage/animals/" is forbidden, client: 172.71.123.88, server: fb.zone, request: "GET /storage/animals/ HTTP/2.0", host: "fb.zone"
2023/10/25 16:23:45 [error] 2667056#0: *12482966 directory index of "/www/wwwroot/fb.zone/public/storage/" is forbidden, client: 172.71.122.188, server: fb.zone, request: "GET /storage/ HTTP/2.0", host: "fb.zone"
2023/10/25 16:23:46 [error] 2667056#0: *12482966 directory index of "/www/wwwroot/fb.zone/public/storage/" is forbidden, client: 172.71.122.188, server: fb.zone, request: "GET /storage/ HTTP/2.0", host: "fb.zone"
2023/10/25 16:23:46 [error] 2667056#0: *12483024 directory index of "/www/wwwroot/fb.zone/public/storage/3d_graphics/themes/" is forbidden, client: 172.71.122.87, server: fb.zone, request: "GET /storage/3d_graphics/themes/ HTTP/2.0", host: "fb.zone"
2023/10/25 16:23:46 [error] 2667056#0: *12483036 directory index of "/www/wwwroot/fb.zone/public/storage/3d_graphics/" is forbidden, client: 172.71.122.169, server: fb.zone, request: "GET /storage/3d_graphics/ HTTP/2.0", host: "fb.zone"
2023/10/25 16:23:47 [error] 2667056#0: *12482966 directory index of "/www/wwwroot/fb.zone/public/storage/" is forbidden, client: 172.71.122.188, server: fb.zone, request: "GET /storage/ HTTP/2.0", host: "fb.zone"
2023/10/25 16:23:48 [error] 2667056#0: *12482908 directory index of "/www/wwwroot/fb.zone/public/images/en/howto/" is forbidden, client: 172.71.123.84, server: fb.zone, request: "GET /images/en/howto/ HTTP/2.0", host: "fb.zone"
2023/10/25 16:23:49 [error] 2667056#0: *12482917 directory index of "/www/wwwroot/fb.zone/public/images/en/" is forbidden, client: 172.71.122.84, server: fb.zone, request: "GET /images/en/ HTTP/2.0", host: "fb.zone"
2023/10/25 16:23:49 [error] 2667056#0: *12482925 directory index of "/www/wwwroot/fb.zone/public/images/" is forbidden, client: 172.71.122.194, server: fb.zone, request: "GET /images/ HTTP/2.0", host: "fb.zone"
2023/10/25 16:23:49 [error] 2667056#0: *12482902 directory index of "/www/wwwroot/fb.zone/public/js/" is forbidden, client: 172.71.122.12, server: fb.zone, request: "GET /js/ HTTP/2.0", host: "fb.zone"
2023/10/25 16:23:51 [error] 2667056#0: *12483129 directory index of "/www/wwwroot/fb.zone/public/storage/airplanes_and_helicopters/themes/" is forbidden, client: 172.71.123.173, server: fb.zone, request: "GET /storage/airplanes_and_helicopters/themes/ HTTP/2.0", host: "fb.zone"
2023/10/25 16:23:52 [error] 2667056#0: *12483132 directory index of "/www/wwwroot/fb.zone/public/storage/airplanes_and_helicopters/" is forbidden, client: 172.71.122.177, server: fb.zone, request: "GET /storage/airplanes_and_helicopters/ HTTP/2.0", host: "fb.zone"
2023/10/25 16:23:52 [error] 2667056#0: *12482966 directory index of "/www/wwwroot/fb.zone/public/storage/" is forbidden, client: 172.71.122.188, server: fb.zone, request: "GET /storage/ HTTP/2.0", host: "fb.zone"
2023/10/25 16:23:53 [error] 2667056#0: *12482908 directory index of "/www/wwwroot/fb.zone/public/images/en/howto/" is forbidden, client: 172.71.123.84, server: fb.zone, request: "GET /images/en/howto/ HTTP/2.0", host: "fb.zone"
2023/10/25 16:23:53 [error] 2667056#0: *12482917 directory index of "/www/wwwroot/fb.zone/public/images/en/" is forbidden, client: 172.71.122.84, server: fb.zone, request: "GET /images/en/ HTTP/2.0", host: "fb.zone"
2023/10/25 16:23:53 [error] 2667056#0: *12482925 directory index of "/www/wwwroot/fb.zone/public/images/" is forbidden, client: 172.71.122.194, server: fb.zone, request: "GET /images/ HTTP/2.0", host: "fb.zone"
2023/10/25 16:23:54 [error] 2667056#0: *12482886 directory index of "/www/wwwroot/fb.zone/public/js/" is forbidden, client: 172.71.122.13, server: fb.zone, request: "GET /js/ HTTP/2.0", host: "fb.zone"
2023/10/25 16:23:55 [error] 2667056#0: *12482966 directory index of "/www/wwwroot/fb.zone/public/storage/" is forbidden, client: 172.71.122.188, server: fb.zone, request: "GET /storage/ HTTP/2.0", host: "fb.zone"
2023/10/25 16:23:56 [error] 2667056#0: *12483024 directory index of "/www/wwwroot/fb.zone/public/storage/3d_graphics/themes/" is forbidden, client: 172.71.122.87, server: fb.zone, request: "GET /storage/3d_graphics/themes/ HTTP/2.0", host: "fb.zone"
2023/10/25 16:23:56 [error] 2667056#0: *12483036 directory index of "/www/wwwroot/fb.zone/public/storage/3d_graphics/" is forbidden, client: 172.71.122.169, server: fb.zone, request: "GET /storage/3d_graphics/ HTTP/2.0", host: "fb.zone"
2023/10/25 16:23:56 [error] 2667056#0: *12482966 directory index of "/www/wwwroot/fb.zone/public/storage/" is forbidden, client: 172.71.122.188, server: fb.zone, request: "GET /storage/ HTTP/2.0", host: "fb.zone"
2023/10/25 16:23:57 [error] 2667056#0: *12482951 directory index of "/www/wwwroot/fb.zone/public/storage/animals/themes/" is forbidden, client: 172.71.122.2, server: fb.zone, request: "GET /storage/animals/themes/ HTTP/2.0", host: "fb.zone"
2023/10/25 16:23:57 [error] 2667056#0: *12482960 directory index of "/www/wwwroot/fb.zone/public/storage/animals/" is forbidden, client: 172.71.123.88, server: fb.zone, request: "GET /storage/animals/ HTTP/2.0", host: "fb.zone"
2023/10/25 16:23:57 [error] 2667056#0: *12482966 directory index of "/www/wwwroot/fb.zone/public/storage/" is forbidden, client: 172.71.122.188, server: fb.zone, request: "GET /storage/ HTTP/2.0", host: "fb.zone"
2023/10/25 16:24:00 [error] 2667056#0: *12482902 directory index of "/www/wwwroot/fb.zone/public/js/" is forbidden, client: 172.71.122.12, server: fb.zone, request: "GET /js/ HTTP/2.0", host: "fb.zone"
2023/10/25 16:24:01 [error] 2667056#0: *12483386 directory index of "/www/wwwroot/fb.zone/public/storage/abstract/themes/" is forbidden, client: 172.71.122.95, server: fb.zone, request: "GET /storage/abstract/themes/ HTTP/2.0", host: "fb.zone"
2023/10/25 16:24:02 [error] 2667056#0: *12483394 directory index of "/www/wwwroot/fb.zone/public/storage/abstract/" is forbidden, client: 172.71.122.131, server: fb.zone, request: "GET /storage/abstract/ HTTP/2.0", host: "fb.zone"
2023/10/25 16:24:02 [error] 2667056#0: *12482966 directory index of "/www/wwwroot/fb.zone/public/storage/" is forbidden, client: 172.71.122.188, server: fb.zone, request: "GET /storage/ HTTP/2.0", host: "fb.zone"
2023/10/25 16:24:04 [error] 2667056#0: *12482951 directory index of "/www/wwwroot/fb.zone/public/storage/animals/themes/" is forbidden, client: 172.71.122.2, server: fb.zone, request: "GET /storage/animals/themes/ HTTP/2.0", host: "fb.zone"
2023/10/25 16:24:04 [error] 2667056#0: *12482960 directory index of "/www/wwwroot/fb.zone/public/storage/animals/" is forbidden, client: 172.71.123.88, server: fb.zone, request: "GET /storage/animals/ HTTP/2.0", host: "fb.zone"
2023/10/25 16:24:04 [error] 2667056#0: *12482966 directory index of "/www/wwwroot/fb.zone/public/storage/" is forbidden, client: 172.71.122.188, server: fb.zone, request: "GET /storage/ HTTP/2.0", host: "fb.zone"
2023/10/25 16:24:05 [error] 2667056#0: *12483461 directory index of "/www/wwwroot/fb.zone/public/storage/love/themes/" is forbidden, client: 172.71.123.48, server: fb.zone, request: "GET /storage/love/themes/ HTTP/2.0", host: "fb.zone"
2023/10/25 16:24:05 [error] 2667056#0: *12483467 directory index of "/www/wwwroot/fb.zone/public/storage/love/" is forbidden, client: 172.71.122.151, server: fb.zone, request: "GET /storage/love/ HTTP/2.0", host: "fb.zone"
2023/10/25 16:24:06 [error] 2667056#0: *12482966 directory index of "/www/wwwroot/fb.zone/public/storage/" is forbidden, client: 172.71.122.188, server: fb.zone, request: "GET /storage/ HTTP/2.0", host: "fb.zone"
2023/10/25 16:24:06 [error] 2667056#0: *12482908 directory index of "/www/wwwroot/fb.zone/public/images/en/howto/" is forbidden, client: 172.71.123.84, server: fb.zone, request: "GET /images/en/howto/ HTTP/2.0", host: "fb.zone"
2023/10/25 16:24:07 [error] 2667056#0: *12482917 directory index of "/www/wwwroot/fb.zone/public/images/en/" is forbidden, client: 172.71.122.84, server: fb.zone, request: "GET /images/en/ HTTP/2.0", host: "fb.zone"
2023/10/25 16:24:07 [error] 2667056#0: *12482925 directory index of "/www/wwwroot/fb.zone/public/images/" is forbidden, client: 172.71.122.194, server: fb.zone, request: "GET /images/ HTTP/2.0", host: "fb.zone"
2023/10/25 16:24:07 [error] 2667056#0: *12482966 directory index of "/www/wwwroot/fb.zone/public/storage/" is forbidden, client: 172.71.122.188, server: fb.zone, request: "GET /storage/ HTTP/2.0", host: "fb.zone"
2023/10/25 16:24:09 [error] 2667056#0: *12483024 directory index of "/www/wwwroot/fb.zone/public/storage/3d_graphics/themes/" is forbidden, client: 172.71.122.87, server: fb.zone, request: "GET /storage/3d_graphics/themes/ HTTP/2.0", host: "fb.zone"
2023/10/25 16:24:09 [error] 2667056#0: *12483036 directory index of "/www/wwwroot/fb.zone/public/storage/3d_graphics/" is forbidden, client: 172.71.122.169, server: fb.zone, request: "GET /storage/3d_graphics/ HTTP/2.0", host: "fb.zone"
2023/10/25 16:24:09 [error] 2667056#0: *12482966 directory index of "/www/wwwroot/fb.zone/public/storage/" is forbidden, client: 172.71.122.188, server: fb.zone, request: "GET /storage/ HTTP/2.0", host: "fb.zone"
2023/10/25 16:24:12 [error] 2667056#0: *12483620 directory index of "/www/wwwroot/fb.zone/public/images/en/howto/" is forbidden, client: 172.71.123.84, server: fb.zone, request: "GET /images/en/howto/ HTTP/2.0", host: "fb.zone"
