2023/10/25 16:24:12 [error] 2667056#0: *12482917 directory index of "/www/wwwroot/fb.zone/public/images/en/" is forbidden, client: 172.71.122.84, server: fb.zone, request: "GET /images/en/ HTTP/2.0", host: "fb.zone"
2023/10/25 16:24:13 [error] 2667056#0: *12482925 directory index of "/www/wwwroot/fb.zone/public/images/" is forbidden, client: 172.71.122.194, server: fb.zone, request: "GET /images/ HTTP/2.0", host: "fb.zone"
2023/10/25 16:24:13 [error] 2667056#0: *12483024 directory index of "/www/wwwroot/fb.zone/public/storage/3d_graphics/themes/" is forbidden, client: 172.71.122.87, server: fb.zone, request: "GET /storage/3d_graphics/themes/ HTTP/2.0", host: "fb.zone"
2023/10/25 16:24:14 [error] 2667056#0: *12483036 directory index of "/www/wwwroot/fb.zone/public/storage/3d_graphics/" is forbidden, client: 172.71.122.169, server: fb.zone, request: "GET /storage/3d_graphics/ HTTP/2.0", host: "fb.zone"
2023/10/25 16:24:14 [error] 2667056#0: *12482966 directory index of "/www/wwwroot/fb.zone/public/storage/" is forbidden, client: 172.71.122.188, server: fb.zone, request: "GET /storage/ HTTP/2.0", host: "fb.zone"
2023/10/25 16:24:14 [error] 2667056#0: *12483386 directory index of "/www/wwwroot/fb.zone/public/storage/abstract/themes/" is forbidden, client: 172.71.122.95, server: fb.zone, request: "GET /storage/abstract/themes/ HTTP/2.0", host: "fb.zone"
2023/10/25 16:24:14 [error] 2667056#0: *12483394 directory index of "/www/wwwroot/fb.zone/public/storage/abstract/" is forbidden, client: 172.71.122.131, server: fb.zone, request: "GET /storage/abstract/ HTTP/2.0", host: "fb.zone"
2023/10/25 16:24:15 [error] 2667056#0: *12482966 directory index of "/www/wwwroot/fb.zone/public/storage/" is forbidden, client: 172.71.122.188, server: fb.zone, request: "GET /storage/ HTTP/2.0", host: "fb.zone"
2023/10/25 16:24:17 [error] 2667056#0: *12483620 directory index of "/www/wwwroot/fb.zone/public/storage/travel/themes/" is forbidden, client: 172.71.123.84, server: fb.zone, request: "GET /storage/travel/themes/ HTTP/2.0", host: "fb.zone"
2023/10/25 16:24:17 [error] 2667056#0: *12483716 directory index of "/www/wwwroot/fb.zone/public/storage/travel/" is forbidden, client: 172.71.122.73, server: fb.zone, request: "GET /storage/travel/ HTTP/2.0", host: "fb.zone"
2023/10/25 16:24:17 [error] 2667056#0: *12482966 directory index of "/www/wwwroot/fb.zone/public/storage/" is forbidden, client: 172.71.122.188, server: fb.zone, request: "GET /storage/ HTTP/2.0", host: "fb.zone"
2023/10/25 16:24:18 [error] 2667056#0: *12482908 directory index of "/www/wwwroot/fb.zone/public/images/en/howto/" is forbidden, client: 172.71.123.84, server: fb.zone, request: "GET /images/en/howto/ HTTP/2.0", host: "fb.zone"
2023/10/25 16:24:18 [error] 2667056#0: *12482917 directory index of "/www/wwwroot/fb.zone/public/images/en/" is forbidden, client: 172.71.122.84, server: fb.zone, request: "GET /images/en/ HTTP/2.0", host: "fb.zone"
2023/10/25 16:24:18 [error] 2667056#0: *12482925 directory index of "/www/wwwroot/fb.zone/public/images/" is forbidden, client: 172.71.122.194, server: fb.zone, request: "GET /images/ HTTP/2.0", host: "fb.zone"
2023/10/25 16:24:18 [error] 2667056#0: *12482966 directory index of "/www/wwwroot/fb.zone/public/storage/" is forbidden, client: 172.71.122.188, server: fb.zone, request: "GET /storage/ HTTP/2.0", host: "fb.zone"
2023/10/25 16:24:21 [error] 2667056#0: *12483024 directory index of "/www/wwwroot/fb.zone/public/storage/3d_graphics/themes/" is forbidden, client: 172.71.122.87, server: fb.zone, request: "GET /storage/3d_graphics/themes/ HTTP/2.0", host: "fb.zone"
2023/10/25 16:24:22 [error] 2667056#0: *12483036 directory index of "/www/wwwroot/fb.zone/public/storage/3d_graphics/" is forbidden, client: 172.71.122.169, server: fb.zone, request: "GET /storage/3d_graphics/ HTTP/2.0", host: "fb.zone"
2023/10/25 16:24:22 [error] 2667056#0: *12482966 directory index of "/www/wwwroot/fb.zone/public/storage/" is forbidden, client: 172.71.122.188, server: fb.zone, request: "GET /storage/ HTTP/2.0", host: "fb.zone"
2023/10/25 16:24:24 [error] 2667056#0: *12483620 directory index of "/www/wwwroot/fb.zone/public/images/en/howto/" is forbidden, client: 172.71.123.84, server: fb.zone, request: "GET /images/en/howto/ HTTP/2.0", host: "fb.zone"
2023/10/25 16:24:24 [error] 2667056#0: *12482917 directory index of "/www/wwwroot/fb.zone/public/images/en/" is forbidden, client: 172.71.122.84, server: fb.zone, request: "GET /images/en/ HTTP/2.0", host: "fb.zone"
2023/10/25 16:24:24 [error] 2667056#0: *12482925 directory index of "/www/wwwroot/fb.zone/public/images/" is forbidden, client: 172.71.122.194, server: fb.zone, request: "GET /images/ HTTP/2.0", host: "fb.zone"
2023/10/25 16:24:25 [error] 2667056#0: *12483129 directory index of "/www/wwwroot/fb.zone/public/storage/airplanes_and_helicopters/themes/" is forbidden, client: 172.71.123.173, server: fb.zone, request: "GET /storage/airplanes_and_helicopters/themes/ HTTP/2.0", host: "fb.zone"
2023/10/25 16:24:25 [error] 2667056#0: *12483132 directory index of "/www/wwwroot/fb.zone/public/storage/airplanes_and_helicopters/" is forbidden, client: 172.71.122.177, server: fb.zone, request: "GET /storage/airplanes_and_helicopters/ HTTP/2.0", host: "fb.zone"
2023/10/25 16:24:25 [error] 2667056#0: *12482966 directory index of "/www/wwwroot/fb.zone/public/storage/" is forbidden, client: 172.71.122.188, server: fb.zone, request: "GET /storage/ HTTP/2.0", host: "fb.zone"
2023/10/25 16:24:26 [error] 2667056#0: *12483386 directory index of "/www/wwwroot/fb.zone/public/storage/abstract/themes/" is forbidden, client: 172.71.122.95, server: fb.zone, request: "GET /storage/abstract/themes/ HTTP/2.0", host: "fb.zone"
2023/10/25 16:24:26 [error] 2667056#0: *12483909 directory index of "/www/wwwroot/fb.zone/public/storage/abstract/" is forbidden, client: 172.71.122.131, server: fb.zone, request: "GET /storage/abstract/ HTTP/2.0", host: "fb.zone"
2023/10/25 16:24:26 [error] 2667056#0: *12482966 directory index of "/www/wwwroot/fb.zone/public/storage/" is forbidden, client: 172.71.122.188, server: fb.zone, request: "GET /storage/ HTTP/2.0", host: "fb.zone"
2023/10/25 16:24:29 [error] 2667056#0: *12483755 directory index of "/www/wwwroot/fb.zone/public/storage/holidays/themes/" is forbidden, client: 172.71.122.215, server: fb.zone, request: "GET /storage/holidays/themes/ HTTP/2.0", host: "fb.zone"
2023/10/25 16:24:29 [error] 2667056#0: *12483256 directory index of "/www/wwwroot/fb.zone/public/storage/holidays/" is forbidden, client: 172.71.122.92, server: fb.zone, request: "GET /storage/holidays/ HTTP/2.0", host: "fb.zone"
2023/10/25 16:24:29 [error] 2667056#0: *12482966 directory index of "/www/wwwroot/fb.zone/public/storage/" is forbidden, client: 172.71.122.188, server: fb.zone, request: "GET /storage/ HTTP/2.0", host: "fb.zone"
2023/10/25 16:24:30 [error] 2667056#0: *12482908 directory index of "/www/wwwroot/fb.zone/public/images/en/howto/" is forbidden, client: 172.71.123.84, server: fb.zone, request: "GET /images/en/howto/ HTTP/2.0", host: "fb.zone"
2023/10/25 16:24:30 [error] 2667056#0: *12482917 directory index of "/www/wwwroot/fb.zone/public/images/en/" is forbidden, client: 172.71.122.84, server: fb.zone, request: "GET /images/en/ HTTP/2.0", host: "fb.zone"
2023/10/25 16:24:30 [error] 2667056#0: *12482925 directory index of "/www/wwwroot/fb.zone/public/images/" is forbidden, client: 172.71.122.194, server: fb.zone, request: "GET /images/ HTTP/2.0", host: "fb.zone"
2023/10/25 16:24:31 [error] 2667056#0: *12482966 directory index of "/www/wwwroot/fb.zone/public/storage/" is forbidden, client: 172.71.122.188, server: fb.zone, request: "GET /storage/ HTTP/2.0", host: "fb.zone"
2023/10/25 16:24:35 [error] 2667056#0: *12483024 directory index of "/www/wwwroot/fb.zone/public/storage/3d_graphics/themes/" is forbidden, client: 172.71.122.87, server: fb.zone, request: "GET /storage/3d_graphics/themes/ HTTP/2.0", host: "fb.zone"
2023/10/25 16:24:36 [error] 2667056#0: *12483036 directory index of "/www/wwwroot/fb.zone/public/storage/3d_graphics/" is forbidden, client: 172.71.122.169, server: fb.zone, request: "GET /storage/3d_graphics/ HTTP/2.0", host: "fb.zone"
2023/10/25 16:24:36 [error] 2667056#0: *12482966 directory index of "/www/wwwroot/fb.zone/public/storage/" is forbidden, client: 172.71.122.188, server: fb.zone, request: "GET /storage/ HTTP/2.0", host: "fb.zone"
2023/10/25 16:24:36 [error] 2667056#0: *12482908 directory index of "/www/wwwroot/fb.zone/public/images/en/howto/" is forbidden, client: 172.71.123.84, server: fb.zone, request: "GET /images/en/howto/ HTTP/2.0", host: "fb.zone"
2023/10/25 16:24:36 [error] 2667056#0: *12482917 directory index of "/www/wwwroot/fb.zone/public/images/en/" is forbidden, client: 172.71.122.84, server: fb.zone, request: "GET /images/en/ HTTP/2.0", host: "fb.zone"
2023/10/25 16:24:36 [error] 2667056#0: *12482925 directory index of "/www/wwwroot/fb.zone/public/images/" is forbidden, client: 172.71.122.194, server: fb.zone, request: "GET /images/ HTTP/2.0", host: "fb.zone"
2023/10/25 16:24:37 [error] 2667056#0: *12483129 directory index of "/www/wwwroot/fb.zone/public/storage/airplanes_and_helicopters/themes/" is forbidden, client: 172.71.123.173, server: fb.zone, request: "GET /storage/airplanes_and_helicopters/themes/ HTTP/2.0", host: "fb.zone"
2023/10/25 16:24:37 [error] 2667056#0: *12483132 directory index of "/www/wwwroot/fb.zone/public/storage/airplanes_and_helicopters/" is forbidden, client: 172.71.122.177, server: fb.zone, request: "GET /storage/airplanes_and_helicopters/ HTTP/2.0", host: "fb.zone"
2023/10/25 16:24:37 [error] 2667056#0: *12482966 directory index of "/www/wwwroot/fb.zone/public/storage/" is forbidden, client: 172.71.122.188, server: fb.zone, request: "GET /storage/ HTTP/2.0", host: "fb.zone"
2023/10/25 16:24:37 [error] 2667056#0: *12483386 directory index of "/www/wwwroot/fb.zone/public/storage/abstract/themes/" is forbidden, client: 172.71.122.95, server: fb.zone, request: "GET /storage/abstract/themes/ HTTP/2.0", host: "fb.zone"
2023/10/25 16:24:38 [error] 2667056#0: *12483394 directory index of "/www/wwwroot/fb.zone/public/storage/abstract/" is forbidden, client: 172.71.122.131, server: fb.zone, request: "GET /storage/abstract/ HTTP/2.0", host: "fb.zone"
2023/10/25 16:24:38 [error] 2667056#0: *12482966 directory index of "/www/wwwroot/fb.zone/public/storage/" is forbidden, client: 172.71.122.188, server: fb.zone, request: "GET /storage/ HTTP/2.0", host: "fb.zone"
2023/10/25 16:24:38 [error] 2667056#0: *12483755 directory index of "/www/wwwroot/fb.zone/public/storage/holidays/themes/" is forbidden, client: 172.71.122.215, server: fb.zone, request: "GET /storage/holidays/themes/ HTTP/2.0", host: "fb.zone"
2023/10/25 16:24:38 [error] 2667056#0: *12483256 directory index of "/www/wwwroot/fb.zone/public/storage/holidays/" is forbidden, client: 172.71.122.92, server: fb.zone, request: "GET /storage/holidays/ HTTP/2.0", host: "fb.zone"
2023/10/25 16:24:38 [error] 2667056#0: *12482966 directory index of "/www/wwwroot/fb.zone/public/storage/" is forbidden, client: 172.71.122.188, server: fb.zone, request: "GET /storage/ HTTP/2.0", host: "fb.zone"
2023/10/25 16:24:38 [error] 2667056#0: *12483024 directory index of "/www/wwwroot/fb.zone/public/storage/3d_graphics/themes/" is forbidden, client: 172.71.122.87, server: fb.zone, request: "GET /storage/3d_graphics/themes/ HTTP/2.0", host: "fb.zone"
2023/10/25 16:24:39 [error] 2667056#0: *12483036 directory index of "/www/wwwroot/fb.zone/public/storage/3d_graphics/" is forbidden, client: 172.71.122.169, server: fb.zone, request: "GET /storage/3d_graphics/ HTTP/2.0", host: "fb.zone"
2023/10/25 16:24:39 [error] 2667056#0: *12482966 directory index of "/www/wwwroot/fb.zone/public/storage/" is forbidden, client: 172.71.122.188, server: fb.zone, request: "GET /storage/ HTTP/2.0", host: "fb.zone"
2023/10/25 16:24:39 [error] 2667056#0: *12482908 directory index of "/www/wwwroot/fb.zone/public/images/en/howto/" is forbidden, client: 172.71.123.84, server: fb.zone, request: "GET /images/en/howto/ HTTP/2.0", host: "fb.zone"
2023/10/25 16:24:39 [error] 2667056#0: *12482917 directory index of "/www/wwwroot/fb.zone/public/images/en/" is forbidden, client: 172.71.122.84, server: fb.zone, request: "GET /images/en/ HTTP/2.0", host: "fb.zone"
2023/10/25 16:24:39 [error] 2667056#0: *12482925 directory index of "/www/wwwroot/fb.zone/public/images/" is forbidden, client: 172.71.122.194, server: fb.zone, request: "GET /images/ HTTP/2.0", host: "fb.zone"
2023/10/25 16:24:39 [error] 2667056#0: *12482966 directory index of "/www/wwwroot/fb.zone/public/storage/" is forbidden, client: 172.71.122.188, server: fb.zone, request: "GET /storage/ HTTP/2.0", host: "fb.zone"
2023/10/25 16:24:40 [error] 2667056#0: *12483129 directory index of "/www/wwwroot/fb.zone/public/storage/airplanes_and_helicopters/themes/" is forbidden, client: 172.71.123.173, server: fb.zone, request: "GET /storage/airplanes_and_helicopters/themes/ HTTP/2.0", host: "fb.zone"
2023/10/25 16:24:40 [error] 2667056#0: *12483132 directory index of "/www/wwwroot/fb.zone/public/storage/airplanes_and_helicopters/" is forbidden, client: 172.71.122.177, server: fb.zone, request: "GET /storage/airplanes_and_helicopters/ HTTP/2.0", host: "fb.zone"
2023/10/25 16:24:40 [error] 2667056#0: *12482966 directory index of "/www/wwwroot/fb.zone/public/storage/" is forbidden, client: 172.71.122.188, server: fb.zone, request: "GET /storage/ HTTP/2.0", host: "fb.zone"
2023/10/25 16:24:44 [error] 2667056#0: *12483193 directory index of "/www/wwwroot/fb.zone/public/storage/anime/themes/" is forbidden, client: 172.71.122.163, server: fb.zone, request: "GET /storage/anime/themes/ HTTP/2.0", host: "fb.zone"
2023/10/25 16:24:44 [error] 2667056#0: *12484280 directory index of "/www/wwwroot/fb.zone/public/storage/anime/" is forbidden, client: 172.71.123.52, server: fb.zone, request: "GET /storage/anime/ HTTP/2.0", host: "fb.zone"
2023/10/25 16:24:44 [error] 2667056#0: *12482966 directory index of "/www/wwwroot/fb.zone/public/storage/" is forbidden, client: 172.71.122.188, server: fb.zone, request: "GET /storage/ HTTP/2.0", host: "fb.zone"
2023/10/25 16:24:46 [error] 2667056#0: *12483386 directory index of "/www/wwwroot/fb.zone/public/storage/abstract/themes/" is forbidden, client: 172.71.122.95, server: fb.zone, request: "GET /storage/abstract/themes/ HTTP/2.0", host: "fb.zone"
2023/10/25 16:24:46 [error] 2667056#0: *12483909 directory index of "/www/wwwroot/fb.zone/public/storage/abstract/" is forbidden, client: 172.71.122.131, server: fb.zone, request: "GET /storage/abstract/ HTTP/2.0", host: "fb.zone"
2023/10/25 16:24:46 [error] 2667056#0: *12482966 directory index of "/www/wwwroot/fb.zone/public/storage/" is forbidden, client: 172.71.122.188, server: fb.zone, request: "GET /storage/ HTTP/2.0", host: "fb.zone"
2023/10/25 16:24:46 [error] 2667056#0: *12483620 directory index of "/www/wwwroot/fb.zone/public/storage/travel/themes/" is forbidden, client: 172.71.123.84, server: fb.zone, request: "GET /storage/travel/themes/ HTTP/2.0", host: "fb.zone"
2023/10/25 16:24:46 [error] 2667056#0: *12483716 directory index of "/www/wwwroot/fb.zone/public/storage/travel/" is forbidden, client: 172.71.122.73, server: fb.zone, request: "GET /storage/travel/ HTTP/2.0", host: "fb.zone"
2023/10/25 16:24:46 [error] 2667056#0: *12482966 directory index of "/www/wwwroot/fb.zone/public/storage/" is forbidden, client: 172.71.122.188, server: fb.zone, request: "GET /storage/ HTTP/2.0", host: "fb.zone"
2023/10/25 16:24:47 [error] 2667056#0: *12482966 directory index of "/www/wwwroot/fb.zone/public/storage/" is forbidden, client: 172.71.122.188, server: fb.zone, request: "GET /storage/ HTTP/2.0", host: "fb.zone"
2023/10/25 16:24:48 [error] 2667056#0: *12483024 directory index of "/www/wwwroot/fb.zone/public/storage/3d_graphics/themes/" is forbidden, client: 172.71.122.87, server: fb.zone, request: "GET /storage/3d_graphics/themes/ HTTP/2.0", host: "fb.zone"
2023/10/25 16:24:48 [error] 2667056#0: *12483036 directory index of "/www/wwwroot/fb.zone/public/storage/3d_graphics/" is forbidden, client: 172.71.122.169, server: fb.zone, request: "GET /storage/3d_graphics/ HTTP/2.0", host: "fb.zone"
2023/10/25 16:24:48 [error] 2667056#0: *12482966 directory index of "/www/wwwroot/fb.zone/public/storage/" is forbidden, client: 172.71.122.188, server: fb.zone, request: "GET /storage/ HTTP/2.0", host: "fb.zone"
2023/10/25 16:24:51 [error] 2667056#0: *12483386 directory index of "/www/wwwroot/fb.zone/public/storage/abstract/themes/" is forbidden, client: 172.71.122.95, server: fb.zone, request: "GET /storage/abstract/themes/ HTTP/2.0", host: "fb.zone"
2023/10/25 16:24:51 [error] 2667056#0: *12483394 directory index of "/www/wwwroot/fb.zone/public/storage/abstract/" is forbidden, client: 172.71.122.131, server: fb.zone, request: "GET /storage/abstract/ HTTP/2.0", host: "fb.zone"
2023/10/25 16:24:52 [error] 2667056#0: *12482966 directory index of "/www/wwwroot/fb.zone/public/storage/" is forbidden, client: 172.71.122.188, server: fb.zone, request: "GET /storage/ HTTP/2.0", host: "fb.zone"
2023/10/25 16:24:52 [error] 2667056#0: *12483178 directory index of "/www/wwwroot/fb.zone/public/storage/anime/themes/" is forbidden, client: 172.71.122.163, server: fb.zone, request: "GET /storage/anime/themes/ HTTP/2.0", host: "fb.zone"
2023/10/25 16:24:52 [error] 2667056#0: *12484280 directory index of "/www/wwwroot/fb.zone/public/storage/anime/" is forbidden, client: 172.71.123.52, server: fb.zone, request: "GET /storage/anime/ HTTP/2.0", host: "fb.zone"
2023/10/25 16:24:52 [error] 2667056#0: *12482966 directory index of "/www/wwwroot/fb.zone/public/storage/" is forbidden, client: 172.71.122.188, server: fb.zone, request: "GET /storage/ HTTP/2.0", host: "fb.zone"
2023/10/25 16:24:52 [error] 2667056#0: *12483024 directory index of "/www/wwwroot/fb.zone/public/storage/3d_graphics/themes/" is forbidden, client: 172.71.122.87, server: fb.zone, request: "GET /storage/3d_graphics/themes/ HTTP/2.0", host: "fb.zone"
2023/10/25 16:24:52 [error] 2667056#0: *12483036 directory index of "/www/wwwroot/fb.zone/public/storage/3d_graphics/" is forbidden, client: 172.71.122.169, server: fb.zone, request: "GET /storage/3d_graphics/ HTTP/2.0", host: "fb.zone"
2023/10/25 16:24:53 [error] 2667056#0: *12482966 directory index of "/www/wwwroot/fb.zone/public/storage/" is forbidden, client: 172.71.122.188, server: fb.zone, request: "GET /storage/ HTTP/2.0", host: "fb.zone"
2023/10/25 16:24:53 [error] 2667056#0: *12483386 directory index of "/www/wwwroot/fb.zone/public/storage/abstract/themes/" is forbidden, client: 172.71.122.95, server: fb.zone, request: "GET /storage/abstract/themes/ HTTP/2.0", host: "fb.zone"
2023/10/25 16:24:53 [error] 2667056#0: *12483909 directory index of "/www/wwwroot/fb.zone/public/storage/abstract/" is forbidden, client: 172.71.122.131, server: fb.zone, request: "GET /storage/abstract/ HTTP/2.0", host: "fb.zone"
2023/10/25 16:24:53 [error] 2667056#0: *12482966 directory index of "/www/wwwroot/fb.zone/public/storage/" is forbidden, client: 172.71.122.188, server: fb.zone, request: "GET /storage/ HTTP/2.0", host: "fb.zone"
2023/10/25 16:24:53 [error] 2667056#0: *12483755 directory index of "/www/wwwroot/fb.zone/public/storage/holidays/themes/" is forbidden, client: 172.71.122.215, server: fb.zone, request: "GET /storage/holidays/themes/ HTTP/2.0", host: "fb.zone"
2023/10/25 16:24:53 [error] 2667056#0: *12483256 directory index of "/www/wwwroot/fb.zone/public/storage/holidays/" is forbidden, client: 172.71.122.92, server: fb.zone, request: "GET /storage/holidays/ HTTP/2.0", host: "fb.zone"
2023/10/25 16:24:54 [error] 2667056#0: *12482966 directory index of "/www/wwwroot/fb.zone/public/storage/" is forbidden, client: 172.71.122.188, server: fb.zone, request: "GET /storage/ HTTP/2.0", host: "fb.zone"
2023/10/25 16:24:54 [error] 2667056#0: *12482966 directory index of "/www/wwwroot/fb.zone/public/storage/" is forbidden, client: 172.71.122.188, server: fb.zone, request: "GET /storage/ HTTP/2.0", host: "fb.zone"
2023/10/25 16:24:55 [error] 2667056#0: *12483386 directory index of "/www/wwwroot/fb.zone/public/storage/abstract/themes/" is forbidden, client: 172.71.122.95, server: fb.zone, request: "GET /storage/abstract/themes/ HTTP/2.0", host: "fb.zone"
2023/10/25 16:24:55 [error] 2667056#0: *12483394 directory index of "/www/wwwroot/fb.zone/public/storage/abstract/" is forbidden, client: 172.71.122.131, server: fb.zone, request: "GET /storage/abstract/ HTTP/2.0", host: "fb.zone"
2023/10/25 16:24:55 [error] 2667056#0: *12482966 directory index of "/www/wwwroot/fb.zone/public/storage/" is forbidden, client: 172.71.122.188, server: fb.zone, request: "GET /storage/ HTTP/2.0", host: "fb.zone"
2023/10/25 16:25:02 [error] 2667056#0: *12483193 directory index of "/www/wwwroot/fb.zone/public/storage/anime/themes/" is forbidden, client: 172.71.122.163, server: fb.zone, request: "GET /storage/anime/themes/ HTTP/2.0", host: "fb.zone"
2023/10/25 16:25:02 [error] 2667056#0: *12484280 directory index of "/www/wwwroot/fb.zone/public/storage/anime/" is forbidden, client: 172.71.123.52, server: fb.zone, request: "GET /storage/anime/ HTTP/2.0", host: "fb.zone"
2023/10/25 16:25:02 [error] 2667056#0: *12482966 directory index of "/www/wwwroot/fb.zone/public/storage/" is forbidden, client: 172.71.122.188, server: fb.zone, request: "GET /storage/ HTTP/2.0", host: "fb.zone"
2023/10/25 16:25:02 [error] 2667056#0: *12483386 directory index of "/www/wwwroot/fb.zone/public/storage/abstract/themes/" is forbidden, client: 172.71.122.95, server: fb.zone, request: "GET /storage/abstract/themes/ HTTP/2.0", host: "fb.zone"
2023/10/25 16:25:02 [error] 2667056#0: *12483909 directory index of "/www/wwwroot/fb.zone/public/storage/abstract/" is forbidden, client: 172.71.122.131, server: fb.zone, request: "GET /storage/abstract/ HTTP/2.0", host: "fb.zone"
2023/10/25 16:25:03 [error] 2667056#0: *12482966 directory index of "/www/wwwroot/fb.zone/public/storage/" is forbidden, client: 172.71.122.188, server: fb.zone, request: "GET /storage/ HTTP/2.0", host: "fb.zone"
2023/10/25 16:25:03 [error] 2667056#0: *12483755 directory index of "/www/wwwroot/fb.zone/public/storage/holidays/themes/" is forbidden, client: 172.71.122.215, server: fb.zone, request: "GET /storage/holidays/themes/ HTTP/2.0", host: "fb.zone"
2023/10/25 16:25:04 [error] 2667056#0: *12483256 directory index of "/www/wwwroot/fb.zone/public/storage/holidays/" is forbidden, client: 172.71.122.92, server: fb.zone, request: "GET /storage/holidays/ HTTP/2.0", host: "fb.zone"
2023/10/25 16:25:04 [error] 2667056#0: *12482966 directory index of "/www/wwwroot/fb.zone/public/storage/" is forbidden, client: 172.71.122.188, server: fb.zone, request: "GET /storage/ HTTP/2.0", host: "fb.zone"
2023/10/25 16:25:04 [error] 2667056#0: *12482966 directory index of "/www/wwwroot/fb.zone/public/storage/" is forbidden, client: 172.71.122.188, server: fb.zone, request: "GET /storage/ HTTP/2.0", host: "fb.zone"
2023/10/25 16:25:07 [error] 2667056#0: *12484746 directory index of "/www/wwwroot/fb.zone/public/storage/art_and_design/themes/" is forbidden, client: 172.71.122.78, server: fb.zone, request: "GET /storage/art_and_design/themes/ HTTP/2.0", host: "fb.zone"
2023/10/25 16:25:07 [error] 2667056#0: *12484755 directory index of "/www/wwwroot/fb.zone/public/storage/art_and_design/" is forbidden, client: 172.71.123.118, server: fb.zone, request: "GET /storage/art_and_design/ HTTP/2.0", host: "fb.zone"
2023/10/25 16:25:07 [error] 2667056#0: *12482966 directory index of "/www/wwwroot/fb.zone/public/storage/" is forbidden, client: 172.71.122.188, server: fb.zone, request: "GET /storage/ HTTP/2.0", host: "fb.zone"
2023/10/25 16:25:07 [error] 2667056#0: *12483461 directory index of "/www/wwwroot/fb.zone/public/storage/love/themes/" is forbidden, client: 172.71.123.48, server: fb.zone, request: "GET /storage/love/themes/ HTTP/2.0", host: "fb.zone"
2023/10/25 16:25:08 [error] 2667056#0: *12483467 directory index of "/www/wwwroot/fb.zone/public/storage/love/" is forbidden, client: 172.71.122.151, server: fb.zone, request: "GET /storage/love/ HTTP/2.0", host: "fb.zone"
2023/10/25 16:25:08 [error] 2667056#0: *12482966 directory index of "/www/wwwroot/fb.zone/public/storage/" is forbidden, client: 172.71.122.188, server: fb.zone, request: "GET /storage/ HTTP/2.0", host: "fb.zone"
2023/10/25 16:25:10 [error] 2667056#0: *12483178 directory index of "/www/wwwroot/fb.zone/public/storage/anime/themes/" is forbidden, client: 172.71.122.163, server: fb.zone, request: "GET /storage/anime/themes/ HTTP/2.0", host: "fb.zone"
2023/10/25 16:25:10 [error] 2667056#0: *12484280 directory index of "/www/wwwroot/fb.zone/public/storage/anime/" is forbidden, client: 172.71.123.52, server: fb.zone, request: "GET /storage/anime/ HTTP/2.0", host: "fb.zone"
2023/10/25 16:25:11 [error] 2667056#0: *12482966 directory index of "/www/wwwroot/fb.zone/public/storage/" is forbidden, client: 172.71.122.188, server: fb.zone, request: "GET /storage/ HTTP/2.0", host: "fb.zone"
2023/10/25 16:25:11 [error] 2667056#0: *12483386 directory index of "/www/wwwroot/fb.zone/public/storage/abstract/themes/" is forbidden, client: 172.71.122.95, server: fb.zone, request: "GET /storage/abstract/themes/ HTTP/2.0", host: "fb.zone"
2023/10/25 16:25:11 [error] 2667056#0: *12483394 directory index of "/www/wwwroot/fb.zone/public/storage/abstract/" is forbidden, client: 172.71.122.131, server: fb.zone, request: "GET /storage/abstract/ HTTP/2.0", host: "fb.zone"
2023/10/25 16:25:11 [error] 2667056#0: *12482966 directory index of "/www/wwwroot/fb.zone/public/storage/" is forbidden, client: 172.71.122.188, server: fb.zone, request: "GET /storage/ HTTP/2.0", host: "fb.zone"
2023/10/25 16:25:16 [error] 2667056#0: *12483461 directory index of "/www/wwwroot/fb.zone/public/storage/love/themes/" is forbidden, client: 172.71.123.48, server: fb.zone, request: "GET /storage/love/themes/ HTTP/2.0", host: "fb.zone"
2023/10/25 16:25:16 [error] 2667056#0: *12483467 directory index of "/www/wwwroot/fb.zone/public/storage/love/" is forbidden, client: 172.71.122.151, server: fb.zone, request: "GET /storage/love/ HTTP/2.0", host: "fb.zone"
2023/10/25 16:25:16 [error] 2667056#0: *12482966 directory index of "/www/wwwroot/fb.zone/public/storage/" is forbidden, client: 172.71.122.188, server: fb.zone, request: "GET /storage/ HTTP/2.0", host: "fb.zone"
2023/10/25 16:25:16 [error] 2667056#0: *12483755 directory index of "/www/wwwroot/fb.zone/public/storage/holidays/themes/" is forbidden, client: 172.71.122.215, server: fb.zone, request: "GET /storage/holidays/themes/ HTTP/2.0", host: "fb.zone"
2023/10/25 16:25:17 [error] 2667056#0: *12483256 directory index of "/www/wwwroot/fb.zone/public/storage/holidays/" is forbidden, client: 172.71.122.92, server: fb.zone, request: "GET /storage/holidays/ HTTP/2.0", host: "fb.zone"
2023/10/25 16:25:17 [error] 2667056#0: *12482966 directory index of "/www/wwwroot/fb.zone/public/storage/" is forbidden, client: 172.71.122.188, server: fb.zone, request: "GET /storage/ HTTP/2.0", host: "fb.zone"
2023/10/25 16:25:27 [error] 2667056#0: *12482966 directory index of "/www/wwwroot/fb.zone/public/storage/" is forbidden, client: 172.71.122.188, server: fb.zone, request: "GET /storage/ HTTP/2.0", host: "fb.zone"
2023/10/25 16:26:08 [error] 2667056#0: *12483914 directory index of "/www/wwwroot/fb.zone/public/storage/art_and_design/themes/" is forbidden, client: 172.71.130.211, server: fb.zone, request: "GET /storage/art_and_design/themes/ HTTP/2.0", host: "fb.zone"
2023/10/25 16:26:08 [error] 2667056#0: *12484790 directory index of "/www/wwwroot/fb.zone/public/storage/art_and_design/" is forbidden, client: 172.71.130.33, server: fb.zone, request: "GET /storage/art_and_design/ HTTP/2.0", host: "fb.zone"
2023/10/25 16:26:08 [error] 2667056#0: *12486415 directory index of "/www/wwwroot/fb.zone/public/storage/" is forbidden, client: 172.71.131.161, server: fb.zone, request: "GET /storage/ HTTP/2.0", host: "fb.zone"
2023/10/25 16:26:15 [error] 2667056#0: *12486503 directory index of "/www/wwwroot/fb.zone/public/storage/anime/themes/" is forbidden, client: 172.71.130.109, server: fb.zone, request: "GET /storage/anime/themes/ HTTP/2.0", host: "fb.zone"
2023/10/25 16:26:15 [error] 2667056#0: *12483241 directory index of "/www/wwwroot/fb.zone/public/storage/anime/" is forbidden, client: 172.71.130.124, server: fb.zone, request: "GET /storage/anime/ HTTP/2.0", host: "fb.zone"
2023/10/25 16:26:15 [error] 2667056#0: *12486415 directory index of "/www/wwwroot/fb.zone/public/storage/" is forbidden, client: 172.71.131.161, server: fb.zone, request: "GET /storage/ HTTP/2.0", host: "fb.zone"
2023/10/25 16:26:16 [error] 2667056#0: *12484443 directory index of "/www/wwwroot/fb.zone/public/storage/abstract/themes/" is forbidden, client: 172.71.131.148, server: fb.zone, request: "GET /storage/abstract/themes/ HTTP/2.0", host: "fb.zone"
2023/10/25 16:26:16 [error] 2667056#0: *12486523 directory index of "/www/wwwroot/fb.zone/public/storage/abstract/" is forbidden, client: 172.71.130.142, server: fb.zone, request: "GET /storage/abstract/ HTTP/2.0", host: "fb.zone"
2023/10/25 16:26:16 [error] 2667056#0: *12486415 directory index of "/www/wwwroot/fb.zone/public/storage/" is forbidden, client: 172.71.131.161, server: fb.zone, request: "GET /storage/ HTTP/2.0", host: "fb.zone"
2023/10/25 16:26:19 [error] 2667056#0: *12486586 directory index of "/www/wwwroot/fb.zone/public/storage/3d_graphics/themes/" is forbidden, client: 172.71.131.205, server: fb.zone, request: "GET /storage/3d_graphics/themes/ HTTP/2.0", host: "fb.zone"
2023/10/25 16:26:19 [error] 2667056#0: *12483746 directory index of "/www/wwwroot/fb.zone/public/storage/3d_graphics/" is forbidden, client: 172.71.130.9, server: fb.zone, request: "GET /storage/3d_graphics/ HTTP/2.0", host: "fb.zone"
2023/10/25 16:26:19 [error] 2667056#0: *12486415 directory index of "/www/wwwroot/fb.zone/public/storage/" is forbidden, client: 172.71.131.161, server: fb.zone, request: "GET /storage/ HTTP/2.0", host: "fb.zone"
2023/10/25 16:26:20 [error] 2667056#0: *12486415 directory index of "/www/wwwroot/fb.zone/public/storage/" is forbidden, client: 172.71.131.161, server: fb.zone, request: "GET /storage/ HTTP/2.0", host: "fb.zone"
2023/10/25 16:26:23 [error] 2667056#0: *12486667 directory index of "/www/wwwroot/fb.zone/public/storage/fantasy/themes/" is forbidden, client: 172.71.131.9, server: fb.zone, request: "GET /storage/fantasy/themes/ HTTP/2.0", host: "fb.zone"
2023/10/25 16:26:23 [error] 2667056#0: *12483750 directory index of "/www/wwwroot/fb.zone/public/storage/fantasy/" is forbidden, client: 172.71.130.104, server: fb.zone, request: "GET /storage/fantasy/ HTTP/2.0", host: "fb.zone"
2023/10/25 16:26:23 [error] 2667056#0: *12486415 directory index of "/www/wwwroot/fb.zone/public/storage/" is forbidden, client: 172.71.131.161, server: fb.zone, request: "GET /storage/ HTTP/2.0", host: "fb.zone"
2023/10/25 16:26:26 [error] 2667056#0: *12484443 directory index of "/www/wwwroot/fb.zone/public/storage/abstract/themes/" is forbidden, client: 172.71.131.148, server: fb.zone, request: "GET /storage/abstract/themes/ HTTP/2.0", host: "fb.zone"
2023/10/25 16:26:26 [error] 2667056#0: *12486523 directory index of "/www/wwwroot/fb.zone/public/storage/abstract/" is forbidden, client: 172.71.130.142, server: fb.zone, request: "GET /storage/abstract/ HTTP/2.0", host: "fb.zone"
2023/10/25 16:26:26 [error] 2667056#0: *12486415 directory index of "/www/wwwroot/fb.zone/public/storage/" is forbidden, client: 172.71.131.161, server: fb.zone, request: "GET /storage/ HTTP/2.0", host: "fb.zone"
2023/10/25 16:26:26 [error] 2667056#0: *12484443 directory index of "/www/wwwroot/fb.zone/public/storage/abstract/themes/" is forbidden, client: 172.71.131.148, server: fb.zone, request: "GET /storage/abstract/themes/ HTTP/2.0", host: "fb.zone"
2023/10/25 16:26:26 [error] 2667056#0: *12486523 directory index of "/www/wwwroot/fb.zone/public/storage/abstract/" is forbidden, client: 172.71.130.142, server: fb.zone, request: "GET /storage/abstract/ HTTP/2.0", host: "fb.zone"
2023/10/25 16:26:26 [error] 2667056#0: *12486415 directory index of "/www/wwwroot/fb.zone/public/storage/" is forbidden, client: 172.71.131.161, server: fb.zone, request: "GET /storage/ HTTP/2.0", host: "fb.zone"
2023/10/25 16:26:29 [error] 2667056#0: *12486415 directory index of "/www/wwwroot/fb.zone/public/storage/" is forbidden, client: 172.71.131.161, server: fb.zone, request: "GET /storage/ HTTP/2.0", host: "fb.zone"
2023/10/25 16:26:31 [error] 2667056#0: *12484443 directory index of "/www/wwwroot/fb.zone/public/storage/abstract/themes/" is forbidden, client: 172.71.131.148, server: fb.zone, request: "GET /storage/abstract/themes/ HTTP/2.0", host: "fb.zone"
2023/10/25 16:26:31 [error] 2667056#0: *12486523 directory index of "/www/wwwroot/fb.zone/public/storage/abstract/" is forbidden, client: 172.71.130.142, server: fb.zone, request: "GET /storage/abstract/ HTTP/2.0", host: "fb.zone"
2023/10/25 16:26:31 [error] 2667056#0: *12486415 directory index of "/www/wwwroot/fb.zone/public/storage/" is forbidden, client: 172.71.131.161, server: fb.zone, request: "GET /storage/ HTTP/2.0", host: "fb.zone"
2023/10/25 16:26:31 [error] 2667056#0: *12486586 directory index of "/www/wwwroot/fb.zone/public/storage/3d_graphics/themes/" is forbidden, client: 172.71.131.205, server: fb.zone, request: "GET /storage/3d_graphics/themes/ HTTP/2.0", host: "fb.zone"
2023/10/25 16:26:31 [error] 2667056#0: *12483746 directory index of "/www/wwwroot/fb.zone/public/storage/3d_graphics/" is forbidden, client: 172.71.130.9, server: fb.zone, request: "GET /storage/3d_graphics/ HTTP/2.0", host: "fb.zone"
2023/10/25 16:26:31 [error] 2667056#0: *12486415 directory index of "/www/wwwroot/fb.zone/public/storage/" is forbidden, client: 172.71.131.161, server: fb.zone, request: "GET /storage/ HTTP/2.0", host: "fb.zone"
2023/10/25 16:26:32 [error] 2667056#0: *12484423 directory index of "/www/wwwroot/fb.zone/public/storage/comics/themes/" is forbidden, client: 172.71.130.31, server: fb.zone, request: "GET /storage/comics/themes/ HTTP/2.0", host: "fb.zone"
2023/10/25 16:26:32 [error] 2667056#0: *12486591 directory index of "/www/wwwroot/fb.zone/public/storage/comics/" is forbidden, client: 172.71.131.39, server: fb.zone, request: "GET /storage/comics/ HTTP/2.0", host: "fb.zone"
2023/10/25 16:26:32 [error] 2667056#0: *12486415 directory index of "/www/wwwroot/fb.zone/public/storage/" is forbidden, client: 172.71.131.161, server: fb.zone, request: "GET /storage/ HTTP/2.0", host: "fb.zone"
2023/10/25 16:26:32 [error] 2667056#0: *12486859 directory index of "/www/wwwroot/fb.zone/public/storage/travel/themes/" is forbidden, client: 172.71.130.62, server: fb.zone, request: "GET /storage/travel/themes/ HTTP/2.0", host: "fb.zone"
2023/10/25 16:26:32 [error] 2667056#0: *12486820 directory index of "/www/wwwroot/fb.zone/public/storage/travel/" is forbidden, client: 172.71.131.95, server: fb.zone, request: "GET /storage/travel/ HTTP/2.0", host: "fb.zone"
2023/10/25 16:26:33 [error] 2667056#0: *12486415 directory index of "/www/wwwroot/fb.zone/public/storage/" is forbidden, client: 172.71.131.161, server: fb.zone, request: "GET /storage/ HTTP/2.0", host: "fb.zone"
2023/10/25 16:26:34 [error] 2667056#0: *12484443 directory index of "/www/wwwroot/fb.zone/public/storage/abstract/themes/" is forbidden, client: 172.71.131.148, server: fb.zone, request: "GET /storage/abstract/themes/ HTTP/2.0", host: "fb.zone"
2023/10/25 16:26:34 [error] 2667056#0: *12486523 directory index of "/www/wwwroot/fb.zone/public/storage/abstract/" is forbidden, client: 172.71.130.142, server: fb.zone, request: "GET /storage/abstract/ HTTP/2.0", host: "fb.zone"
2023/10/25 16:26:34 [error] 2667056#0: *12486415 directory index of "/www/wwwroot/fb.zone/public/storage/" is forbidden, client: 172.71.131.161, server: fb.zone, request: "GET /storage/ HTTP/2.0", host: "fb.zone"
2023/10/25 16:26:36 [error] 2667056#0: *12486586 directory index of "/www/wwwroot/fb.zone/public/storage/3d_graphics/themes/" is forbidden, client: 172.71.131.205, server: fb.zone, request: "GET /storage/3d_graphics/themes/ HTTP/2.0", host: "fb.zone"
2023/10/25 16:26:36 [error] 2667056#0: *12483746 directory index of "/www/wwwroot/fb.zone/public/storage/3d_graphics/" is forbidden, client: 172.71.130.9, server: fb.zone, request: "GET /storage/3d_graphics/ HTTP/2.0", host: "fb.zone"
2023/10/25 16:26:36 [error] 2667056#0: *12486415 directory index of "/www/wwwroot/fb.zone/public/storage/" is forbidden, client: 172.71.131.161, server: fb.zone, request: "GET /storage/ HTTP/2.0", host: "fb.zone"
2023/10/25 16:26:37 [error] 2667056#0: *12486859 directory index of "/www/wwwroot/fb.zone/public/storage/travel/themes/" is forbidden, client: 172.71.130.62, server: fb.zone, request: "GET /storage/travel/themes/ HTTP/2.0", host: "fb.zone"
2023/10/25 16:26:37 [error] 2667056#0: *12486820 directory index of "/www/wwwroot/fb.zone/public/storage/travel/" is forbidden, client: 172.71.131.95, server: fb.zone, request: "GET /storage/travel/ HTTP/2.0", host: "fb.zone"
2023/10/25 16:26:37 [error] 2667056#0: *12486415 directory index of "/www/wwwroot/fb.zone/public/storage/" is forbidden, client: 172.71.131.161, server: fb.zone, request: "GET /storage/ HTTP/2.0", host: "fb.zone"
2023/10/25 16:26:38 [error] 2667056#0: *12486415 directory index of "/www/wwwroot/fb.zone/public/storage/" is forbidden, client: 172.71.131.161, server: fb.zone, request: "GET /storage/ HTTP/2.0", host: "fb.zone"
2023/10/25 16:26:41 [error] 2667056#0: *12487020 directory index of "/www/wwwroot/fb.zone/public/storage/tv_serials/themes/" is forbidden, client: 172.71.130.238, server: fb.zone, request: "GET /storage/tv_serials/themes/ HTTP/2.0", host: "fb.zone"
2023/10/25 16:26:41 [error] 2667056#0: *12483392 directory index of "/www/wwwroot/fb.zone/public/storage/tv_serials/" is forbidden, client: 172.71.130.177, server: fb.zone, request: "GET /storage/tv_serials/ HTTP/2.0", host: "fb.zone"
2023/10/25 16:26:41 [error] 2667056#0: *12486415 directory index of "/www/wwwroot/fb.zone/public/storage/" is forbidden, client: 172.71.131.161, server: fb.zone, request: "GET /storage/ HTTP/2.0", host: "fb.zone"
2023/10/25 16:26:41 [error] 2667056#0: *12484443 directory index of "/www/wwwroot/fb.zone/public/storage/abstract/themes/" is forbidden, client: 172.71.131.148, server: fb.zone, request: "GET /storage/abstract/themes/ HTTP/2.0", host: "fb.zone"
2023/10/25 16:26:42 [error] 2667056#0: *12486523 directory index of "/www/wwwroot/fb.zone/public/storage/abstract/" is forbidden, client: 172.71.130.142, server: fb.zone, request: "GET /storage/abstract/ HTTP/2.0", host: "fb.zone"
2023/10/25 16:26:42 [error] 2667056#0: *12486415 directory index of "/www/wwwroot/fb.zone/public/storage/" is forbidden, client: 172.71.131.161, server: fb.zone, request: "GET /storage/ HTTP/2.0", host: "fb.zone"
2023/10/25 16:26:44 [error] 2667056#0: *12484443 directory index of "/www/wwwroot/fb.zone/public/storage/abstract/themes/" is forbidden, client: 172.71.131.148, server: fb.zone, request: "GET /storage/abstract/themes/ HTTP/2.0", host: "fb.zone"
2023/10/25 16:26:44 [error] 2667056#0: *12486523 directory index of "/www/wwwroot/fb.zone/public/storage/abstract/" is forbidden, client: 172.71.130.142, server: fb.zone, request: "GET /storage/abstract/ HTTP/2.0", host: "fb.zone"
2023/10/25 16:26:44 [error] 2667056#0: *12486415 directory index of "/www/wwwroot/fb.zone/public/storage/" is forbidden, client: 172.71.131.161, server: fb.zone, request: "GET /storage/ HTTP/2.0", host: "fb.zone"
2023/10/25 16:26:47 [error] 2667056#0: *12487145 directory index of "/www/wwwroot/fb.zone/public/storage/holidays/themes/" is forbidden, client: 172.71.130.74, server: fb.zone, request: "GET /storage/holidays/themes/ HTTP/2.0", host: "fb.zone"
2023/10/25 16:26:47 [error] 2667056#0: *12483392 directory index of "/www/wwwroot/fb.zone/public/storage/holidays/" is forbidden, client: 172.71.130.177, server: fb.zone, request: "GET /storage/holidays/ HTTP/2.0", host: "fb.zone"
2023/10/25 16:26:48 [error] 2667056#0: *12486415 directory index of "/www/wwwroot/fb.zone/public/storage/" is forbidden, client: 172.71.131.161, server: fb.zone, request: "GET /storage/ HTTP/2.0", host: "fb.zone"
2023/10/25 16:26:48 [error] 2667056#0: *12486415 directory index of "/www/wwwroot/fb.zone/public/storage/" is forbidden, client: 172.71.131.161, server: fb.zone, request: "GET /storage/ HTTP/2.0", host: "fb.zone"
2023/10/25 16:26:48 [error] 2667056#0: *12486820 directory index of "/www/wwwroot/fb.zone/public/storage/black/themes/" is forbidden, client: 172.71.131.95, server: fb.zone, request: "GET /storage/black/themes/ HTTP/2.0", host: "fb.zone"
2023/10/25 16:26:49 [error] 2667056#0: *12485402 directory index of "/www/wwwroot/fb.zone/public/storage/black/" is forbidden, client: 172.71.131.169, server: fb.zone, request: "GET /storage/black/ HTTP/2.0", host: "fb.zone"
2023/10/25 16:26:49 [error] 2667056#0: *12486415 directory index of "/www/wwwroot/fb.zone/public/storage/" is forbidden, client: 172.71.131.161, server: fb.zone, request: "GET /storage/ HTTP/2.0", host: "fb.zone"
2023/10/25 16:26:56 [error] 2667056#0: *12486415 directory index of "/www/wwwroot/fb.zone/public/storage/" is forbidden, client: 172.71.131.161, server: fb.zone, request: "GET /storage/ HTTP/2.0", host: "fb.zone"
2023/10/25 16:26:56 [error] 2667056#0: *12484443 directory index of "/www/wwwroot/fb.zone/public/storage/abstract/themes/" is forbidden, client: 172.71.131.148, server: fb.zone, request: "GET /storage/abstract/themes/ HTTP/2.0", host: "fb.zone"
2023/10/25 16:26:56 [error] 2667056#0: *12486523 directory index of "/www/wwwroot/fb.zone/public/storage/abstract/" is forbidden, client: 172.71.130.142, server: fb.zone, request: "GET /storage/abstract/ HTTP/2.0", host: "fb.zone"
2023/10/25 16:26:56 [error] 2667056#0: *12486415 directory index of "/www/wwwroot/fb.zone/public/storage/" is forbidden, client: 172.71.131.161, server: fb.zone, request: "GET /storage/ HTTP/2.0", host: "fb.zone"
2023/10/25 16:26:57 [error] 2667056#0: *12486820 directory index of "/www/wwwroot/fb.zone/public/storage/black/themes/" is forbidden, client: 172.71.131.95, server: fb.zone, request: "GET /storage/black/themes/ HTTP/2.0", host: "fb.zone"
2023/10/25 16:26:58 [error] 2667056#0: *12485402 directory index of "/www/wwwroot/fb.zone/public/storage/black/" is forbidden, client: 172.71.131.169, server: fb.zone, request: "GET /storage/black/ HTTP/2.0", host: "fb.zone"
2023/10/25 16:26:58 [error] 2667056#0: *12486415 directory index of "/www/wwwroot/fb.zone/public/storage/" is forbidden, client: 172.71.131.161, server: fb.zone, request: "GET /storage/ HTTP/2.0", host: "fb.zone"
2023/10/25 16:26:59 [error] 2667056#0: *12484443 directory index of "/www/wwwroot/fb.zone/public/storage/abstract/themes/" is forbidden, client: 172.71.131.148, server: fb.zone, request: "GET /storage/abstract/themes/ HTTP/2.0", host: "fb.zone"
2023/10/25 16:26:59 [error] 2667056#0: *12486523 directory index of "/www/wwwroot/fb.zone/public/storage/abstract/" is forbidden, client: 172.71.130.142, server: fb.zone, request: "GET /storage/abstract/ HTTP/2.0", host: "fb.zone"
2023/10/25 16:27:00 [error] 2667056#0: *12487401 directory index of "/www/wwwroot/fb.zone/public/storage/" is forbidden, client: 172.71.131.162, server: fb.zone, request: "GET /storage/ HTTP/2.0", host: "fb.zone"
2023/10/25 16:27:00 [error] 2667056#0: *12487145 directory index of "/www/wwwroot/fb.zone/public/storage/holidays/themes/" is forbidden, client: 172.71.130.74, server: fb.zone, request: "GET /storage/holidays/themes/ HTTP/2.0", host: "fb.zone"
2023/10/25 16:27:00 [error] 2667056#0: *12483392 directory index of "/www/wwwroot/fb.zone/public/storage/holidays/" is forbidden, client: 172.71.130.177, server: fb.zone, request: "GET /storage/holidays/ HTTP/2.0", host: "fb.zone"
2023/10/25 16:27:00 [error] 2667056#0: *12486415 directory index of "/www/wwwroot/fb.zone/public/storage/" is forbidden, client: 172.71.131.161, server: fb.zone, request: "GET /storage/ HTTP/2.0", host: "fb.zone"
2023/10/25 16:27:03 [error] 2667056#0: *12487401 directory index of "/www/wwwroot/fb.zone/public/storage/" is forbidden, client: 172.71.131.162, server: fb.zone, request: "GET /storage/ HTTP/2.0", host: "fb.zone"
2023/10/25 16:27:05 [error] 2667056#0: *12487145 directory index of "/www/wwwroot/fb.zone/public/storage/holidays/themes/" is forbidden, client: 172.71.130.74, server: fb.zone, request: "GET /storage/holidays/themes/ HTTP/2.0", host: "fb.zone"
2023/10/25 16:27:05 [error] 2667056#0: *12483392 directory index of "/www/wwwroot/fb.zone/public/storage/holidays/" is forbidden, client: 172.71.130.177, server: fb.zone, request: "GET /storage/holidays/ HTTP/2.0", host: "fb.zone"
2023/10/25 16:27:05 [error] 2667056#0: *12486415 directory index of "/www/wwwroot/fb.zone/public/storage/" is forbidden, client: 172.71.131.161, server: fb.zone, request: "GET /storage/ HTTP/2.0", host: "fb.zone"
2023/10/25 16:27:09 [error] 2667056#0: *12486472 directory index of "/www/wwwroot/fb.zone/public/images/en/howto/" is forbidden, client: 172.71.130.66, server: fb.zone, request: "GET /images/en/howto/ HTTP/2.0", host: "fb.zone"
2023/10/25 16:27:09 [error] 2667056#0: *12484805 directory index of "/www/wwwroot/fb.zone/public/images/en/" is forbidden, client: 172.71.131.77, server: fb.zone, request: "GET /images/en/ HTTP/2.0", host: "fb.zone"
2023/10/25 16:27:10 [error] 2667056#0: *12487632 directory index of "/www/wwwroot/fb.zone/public/images/" is forbidden, client: 172.71.130.135, server: fb.zone, request: "GET /images/ HTTP/2.0", host: "fb.zone"
2023/10/25 16:27:11 [error] 2667056#0: *12487401 directory index of "/www/wwwroot/fb.zone/public/storage/" is forbidden, client: 172.71.131.162, server: fb.zone, request: "GET /storage/ HTTP/2.0", host: "fb.zone"
2023/10/25 16:27:11 [error] 2667056#0: *12487632 directory index of "/www/wwwroot/fb.zone/public/images/" is forbidden, client: 172.71.130.135, server: fb.zone, request: "GET /images/ HTTP/2.0", host: "fb.zone"
2023/10/25 16:27:12 [error] 2667056#0: *12486472 directory index of "/www/wwwroot/fb.zone/public/images/en/howto/" is forbidden, client: 172.71.130.66, server: fb.zone, request: "GET /images/en/howto/ HTTP/2.0", host: "fb.zone"
2023/10/25 16:27:12 [error] 2667056#0: *12484805 directory index of "/www/wwwroot/fb.zone/public/images/en/" is forbidden, client: 172.71.131.77, server: fb.zone, request: "GET /images/en/ HTTP/2.0", host: "fb.zone"
2023/10/25 16:27:12 [error] 2667056#0: *12487632 directory index of "/www/wwwroot/fb.zone/public/images/" is forbidden, client: 172.71.130.135, server: fb.zone, request: "GET /images/ HTTP/2.0", host: "fb.zone"
2023/10/25 16:27:12 [error] 2667056#0: *12486503 directory index of "/www/wwwroot/fb.zone/public/storage/anime/themes/" is forbidden, client: 172.71.130.109, server: fb.zone, request: "GET /storage/anime/themes/ HTTP/2.0", host: "fb.zone"
2023/10/25 16:27:12 [error] 2667056#0: *12483241 directory index of "/www/wwwroot/fb.zone/public/storage/anime/" is forbidden, client: 172.71.130.124, server: fb.zone, request: "GET /storage/anime/ HTTP/2.0", host: "fb.zone"
2023/10/25 16:27:12 [error] 2667056#0: *12486415 directory index of "/www/wwwroot/fb.zone/public/storage/" is forbidden, client: 172.71.131.161, server: fb.zone, request: "GET /storage/ HTTP/2.0", host: "fb.zone"
2023/10/25 16:27:14 [error] 2667056#0: *12487401 directory index of "/www/wwwroot/fb.zone/public/storage/" is forbidden, client: 172.71.131.162, server: fb.zone, request: "GET /storage/ HTTP/2.0", host: "fb.zone"
2023/10/25 16:27:14 [error] 2667056#0: *12486472 directory index of "/www/wwwroot/fb.zone/public/images/en/howto/" is forbidden, client: 172.71.130.66, server: fb.zone, request: "GET /images/en/howto/ HTTP/2.0", host: "fb.zone"
2023/10/25 16:27:15 [error] 2667056#0: *12484805 directory index of "/www/wwwroot/fb.zone/public/images/en/" is forbidden, client: 172.71.131.77, server: fb.zone, request: "GET /images/en/ HTTP/2.0", host: "fb.zone"
2023/10/25 16:27:15 [error] 2667056#0: *12487632 directory index of "/www/wwwroot/fb.zone/public/images/" is forbidden, client: 172.71.130.135, server: fb.zone, request: "GET /images/ HTTP/2.0", host: "fb.zone"
2023/10/25 16:27:15 [error] 2667056#0: *12484443 directory index of "/www/wwwroot/fb.zone/public/storage/abstract/themes/" is forbidden, client: 172.71.131.148, server: fb.zone, request: "GET /storage/abstract/themes/ HTTP/2.0", host: "fb.zone"
2023/10/25 16:27:15 [error] 2667056#0: *12486523 directory index of "/www/wwwroot/fb.zone/public/storage/abstract/" is forbidden, client: 172.71.130.142, server: fb.zone, request: "GET /storage/abstract/ HTTP/2.0", host: "fb.zone"
2023/10/25 16:27:15 [error] 2667056#0: *12486415 directory index of "/www/wwwroot/fb.zone/public/storage/" is forbidden, client: 172.71.131.161, server: fb.zone, request: "GET /storage/ HTTP/2.0", host: "fb.zone"
2023/10/25 16:27:19 [error] 2667056#0: *12486472 directory index of "/www/wwwroot/fb.zone/public/images/en/howto/" is forbidden, client: 172.71.130.66, server: fb.zone, request: "GET /images/en/howto/ HTTP/2.0", host: "fb.zone"
2023/10/25 16:27:19 [error] 2667056#0: *12484805 directory index of "/www/wwwroot/fb.zone/public/images/en/" is forbidden, client: 172.71.131.77, server: fb.zone, request: "GET /images/en/ HTTP/2.0", host: "fb.zone"
2023/10/25 16:27:19 [error] 2667056#0: *12487632 directory index of "/www/wwwroot/fb.zone/public/images/" is forbidden, client: 172.71.130.135, server: fb.zone, request: "GET /images/ HTTP/2.0", host: "fb.zone"
